Component: ARM Compiler 5.05 update 1 (build 106) Tool: armlink [4d0efa]

==============================================================================

Section Cross References

    main.o(i.AS608_Task) refers to as608.o(i.press_FR) for press_FR
    main.o(i.AS608_Task) refers to delay.o(i.delay_ms) for delay_ms
    main.o(i.AS608_Task) refers to event_groups.o(i.xEventGroupSetBits) for xEventGroupSetBits
    main.o(i.AS608_Task) refers to printfa.o(i.__0printf) for __2printf
    main.o(i.AS608_Task) refers to tasks.o(i.vTaskSuspend) for vTaskSuspend
    main.o(i.AS608_Task) refers to tasks.o(i.vTaskDelay) for vTaskDelay
    main.o(i.AS608_Task) refers to main.o(.data) for AS608_Flag
    main.o(i.Admin_Task) refers to tasks.o(i.vTaskSuspend) for vTaskSuspend
    main.o(i.Admin_Task) refers to oled_iic.o(i.OLED_Clear) for OLED_Clear
    main.o(i.Admin_Task) refers to oled_iic.o(i.OLED_ShowString) for OLED_ShowString
    main.o(i.Admin_Task) refers to key.o(i.KEY_Scan) for KEY_Scan
    main.o(i.Admin_Task) refers to as608.o(i.Add_FR) for Add_FR
    main.o(i.Admin_Task) refers to as608.o(i.Del_FR) for Del_FR
    main.o(i.Admin_Task) refers to tasks.o(i.vTaskResume) for vTaskResume
    main.o(i.Admin_Task) refers to tasks.o(i.vTaskDelete) for vTaskDelete
    main.o(i.Admin_Task) refers to main.o(.data) for xAS608TaskHandle
    main.o(i.ESP8266_Task) refers to printfa.o(i.__0printf) for __2printf
    main.o(i.ESP8266_Task) refers to strstr.o(.text) for strstr
    main.o(i.ESP8266_Task) refers to delay.o(i.delay_ms) for delay_ms
    main.o(i.ESP8266_Task) refers to tasks.o(i.vTaskResume) for vTaskResume
    main.o(i.ESP8266_Task) refers to event_groups.o(i.xEventGroupSetBits) for xEventGroupSetBits
    main.o(i.ESP8266_Task) refers to memseta.o(.text) for __aeabi_memclr
    main.o(i.ESP8266_Task) refers to port.o(i.vPortEnterCritical) for vPortEnterCritical
    main.o(i.ESP8266_Task) refers to tasks.o(i.xTaskCreate) for xTaskCreate
    main.o(i.ESP8266_Task) refers to port.o(i.vPortExitCritical) for vPortExitCritical
    main.o(i.ESP8266_Task) refers to tasks.o(i.vTaskSuspend) for vTaskSuspend
    main.o(i.ESP8266_Task) refers to as608.o(i.PS_Empty) for PS_Empty
    main.o(i.ESP8266_Task) refers to oled_iic.o(i.OLED_Clear) for OLED_Clear
    main.o(i.ESP8266_Task) refers to oled_iic.o(i.OLED_ShowString) for OLED_ShowString
    main.o(i.ESP8266_Task) refers to as608.o(i.EnsureMessage) for EnsureMessage
    main.o(i.ESP8266_Task) refers to tasks.o(i.vTaskDelay) for vTaskDelay
    main.o(i.ESP8266_Task) refers to usart2.o(.data) for USART2_RX_STA
    main.o(i.ESP8266_Task) refers to usart2.o(.bss) for USART2_RX_BUF
    main.o(i.ESP8266_Task) refers to main.o(.data) for ESP8266_Flag
    main.o(i.ESP8266_Task) refers to main.o(i.Admin_Task) for Admin_Task
    main.o(i.LCD_Task) refers to oled_iic.o(i.jiesuo) for jiesuo
    main.o(i.LCD_Task) refers to delay.o(i.delay_ms) for delay_ms
    main.o(i.LCD_Task) refers to oled_iic.o(i.zhujiemian) for zhujiemian
    main.o(i.LCD_Task) refers to tasks.o(i.vTaskDelay) for vTaskDelay
    main.o(i.LCD_Task) refers to main.o(.data) for RFID_Flag
    main.o(i.LED_Task) refers to event_groups.o(i.xEventGroupWaitBits) for xEventGroupWaitBits
    main.o(i.LED_Task) refers to printfa.o(i.__0printf) for __2printf
    main.o(i.LED_Task) refers to delay.o(i.delay_ms) for delay_ms
    main.o(i.LED_Task) refers to tasks.o(i.vTaskDelay) for vTaskDelay
    main.o(i.LED_Task) refers to main.o(.data) for xEventHandle
    main.o(i.RFID_Task) refers to rc522.o(i.RC522_Handel) for RC522_Handel
    main.o(i.RFID_Task) refers to delay.o(i.delay_ms) for delay_ms
    main.o(i.RFID_Task) refers to printfa.o(i.__0printf) for __2printf
    main.o(i.RFID_Task) refers to event_groups.o(i.xEventGroupSetBits) for xEventGroupSetBits
    main.o(i.RFID_Task) refers to tasks.o(i.vTaskSuspend) for vTaskSuspend
    main.o(i.RFID_Task) refers to tasks.o(i.vTaskDelay) for vTaskDelay
    main.o(i.RFID_Task) refers to main.o(.data) for RFID_Flag
    main.o(i.Start_Task) refers to port.o(i.vPortEnterCritical) for vPortEnterCritical
    main.o(i.Start_Task) refers to event_groups.o(i.xEventGroupCreate) for xEventGroupCreate
    main.o(i.Start_Task) refers to printfa.o(i.__0printf) for __2printf
    main.o(i.Start_Task) refers to tasks.o(i.xTaskCreate) for xTaskCreate
    main.o(i.Start_Task) refers to tasks.o(i.vTaskDelete) for vTaskDelete
    main.o(i.Start_Task) refers to port.o(i.vPortExitCritical) for vPortExitCritical
    main.o(i.Start_Task) refers to main.o(.data) for xEventHandle
    main.o(i.Start_Task) refers to main.o(i.LCD_Task) for LCD_Task
    main.o(i.Start_Task) refers to main.o(i.RFID_Task) for RFID_Task
    main.o(i.Start_Task) refers to main.o(i.AS608_Task) for AS608_Task
    main.o(i.Start_Task) refers to main.o(i.ESP8266_Task) for ESP8266_Task
    main.o(i.Start_Task) refers to main.o(i.LED_Task) for LED_Task
    main.o(i.hardware_init) refers to delay.o(i.delay_init) for delay_init
[...]
    ..\STM32F10x_FWLib\src\stm32f10x_tim.c   0x00000000   Number         0  stm32f10x_tim.o ABSOLUTE
    ..\STM32F10x_FWLib\src\stm32f10x_usart.c 0x00000000   Number         0  stm32f10x_usart.o ABSOLUTE
    ..\SYSTEM\delay\delay.c                  0x00000000   Number         0  delay.o ABSOLUTE
    ..\SYSTEM\sys\sys.c                      0x00000000   Number         0  sys.o ABSOLUTE
    ..\SYSTEM\usart\usart.c                  0x00000000   Number         0  usart.o ABSOLUTE
    ..\\CORE\\core_cm3.c                     0x00000000   Number         0  core_cm3.o ABSOLUTE
    ..\\FreeRTOS\\port\\RVDS\\ARM_CM3\\port.c 0x00000000   Number         0  port.o ABSOLUTE
    ..\\SYSTEM\\sys\\sys.c                   0x00000000   Number         0  sys.o ABSOLUTE
    cdrcmple.s                               0x00000000   Number         0  cdrcmple.o ABSOLUTE
    dc.s                                     0x00000000   Number         0  dc.o ABSOLUTE
    handlers.s                               0x00000000   Number         0  handlers.o ABSOLUTE
    init.s                                   0x00000000   Number         0  init.o ABSOLUTE
    main.c                                   0x00000000   Number         0  main.o ABSOLUTE
    stm32f10x_it.c                           0x00000000   Number         0  stm32f10x_it.o ABSOLUTE
    system_stm32f10x.c                       0x00000000   Number         0  system_stm32f10x.o ABSOLUTE
    RESET                                    0x08000000   Section      304  startup_stm32f10x_hd.o(RESET)
    .ARM.Collect$$$$00000000                 0x08000130   Section        0  entry.o(.ARM.Collect$$$$00000000)
    .ARM.Collect$$$$00000001                 0x08000130   Section        4  entry2.o(.ARM.Collect$$$$00000001)
    .ARM.Collect$$$$00000004                 0x08000134   Section        4  entry5.o(.ARM.Collect$$$$00000004)
    .ARM.Collect$$$$00000008                 0x08000138   Section        0  entry7b.o(.ARM.Collect$$$$00000008)
    .ARM.Collect$$$$0000000A                 0x08000138   Section        0  entry8b.o(.ARM.Collect$$$$0000000A)
    .ARM.Collect$$$$0000000B                 0x08000138   Section        8  entry9a.o(.ARM.Collect$$$$0000000B)
    .ARM.Collect$$$$0000000D                 0x08000140   Section        0  entry10a.o(.ARM.Collect$$$$0000000D)
    .ARM.Collect$$$$0000000F                 0x08000140   Section        0  entry11a.o(.ARM.Collect$$$$0000000F)
    .ARM.Collect$$$$00002712                 0x08000140   Section        4  entry2.o(.ARM.Collect$$$$00002712)
    __lit__00000000                          0x08000140   Data           4  entry2.o(.ARM.Collect$$$$00002712)
    .emb_text                                0x08000144   Section      150  port.o(.emb_text)
    .text                                    0x080001dc   Section       36  startup_stm32f10x_hd.o(.text)
    .text                                    0x08000200   Section        0  memseta.o(.text)
    .text                                    0x08000224   Section        0  strstr.o(.text)
    .text                                    0x08000248   Section        0  strlen.o(.text)
    .text                                    0x08000256   Section        0  uidiv.o(.text)
    .text                                    0x08000282   Section        0  uldiv.o(.text)
    .text                                    0x080002e4   Section        0  dadd.o(.text)
    .text                                    0x080002e4   Section        0  iusefp.o(.text)
    .text                                    0x08000432   Section        0  dmul.o(.text)
    .text                                    0x08000516   Section        0  ddiv.o(.text)
    .text                                    0x080005f4   Section        0  dfixul.o(.text)
    .text                                    0x08000624   Section       48  cdrcmple.o(.text)
    .text                                    0x08000654   Section       36  init.o(.text)
    .text                                    0x08000678   Section        0  llshl.o(.text)
    .text                                    0x08000696   Section        0  llushr.o(.text)
    .text                                    0x080006b6   Section        0  llsshr.o(.text)
    .text                                    0x080006da   Section        0  depilogue.o(.text)
    .text                                    0x08000794   Section        0  __dczerorl2.o(.text)
    i.AS608_Init                             0x080007ec   Section        0  as608.o(i.AS608_Init)
    i.AS608_Task                             0x08000898   Section        0  main.o(i.AS608_Task)
    i.Add_FR                                 0x0800099c   Section        0  as608.o(i.Add_FR)
    i.Admin_Task                             0x08000c24   Section        0  main.o(i.Admin_Task)
    i.BEEP_Init                              0x08000ce4   Section        0  beep.o(i.BEEP_Init)
    i.BusFault_Handler                       0x08000d18   Section        0  stm32f10x_it.o(i.BusFault_Handler)
    i.CalulateCRC                            0x08000d1c   Section        0  rc522.o(i.CalulateCRC)
    i.ClearBitMask                           0x08000d88   Section        0  rc522.o(i.ClearBitMask)
    i.DebugMon_Handler                       0x08000da2   Section        0  stm32f10x_it.o(i.DebugMon_Handler)
    i.Del_FR                                 0x08000da4   Section        0  as608.o(i.Del_FR)
    i.ESP8266_Task                           0x08000e94   Section        0  main.o(i.ESP8266_Task)
    i.EnsureMessage                          0x08001118   Section        0  as608.o(i.EnsureMessage)
    i.GPIO_Init                              0x08001388   Section        0  stm32f10x_gpio.o(i.GPIO_Init)
    i.GPIO_ReadInputDataBit                  0x0800149e   Section        0  stm32f10x_gpio.o(i.GPIO_ReadInputDataBit)
    i.GPIO_ResetBits                         0x080014b0   Section        0  stm32f10x_gpio.o(i.GPIO_ResetBits)
    i.GPIO_SetBits                           0x080014b4   Section        0  stm32f10x_gpio.o(i.GPIO_SetBits)
    i.HardFault_Handler                      0x080014b8   Section        0  stm32f10x_it.o(i.HardFault_Handler)
    i.IIC_Start                              0x080014bc   Section        0  oled_iic.o(i.IIC_Start)
    i.IIC_Stop                               0x080014e4   Section        0  oled_iic.o(i.IIC_Stop)
    i.IIC_Wait_Ack                           0x08001504   Section        0  oled_iic.o(i.IIC_Wait_Ack)
    i.JudgeStr                               0x0800151c   Section        0  as608.o(i.JudgeStr)
    JudgeStr                                 0x0800151d   Thumb Code   122  as608.o(i.JudgeStr)
    i.KEY_Init                               0x080015a4   Section        0  key.o(i.KEY_Init)
    i.KEY_Scan                               0x08001628   Section        0  key.o(i.KEY_Scan)
    i.LCD_Task                               0x080016e8   Section        0  main.o(i.LCD_Task)
    i.LED_Init                               0x08001734   Section        0  led.o(i.LED_Init)
    i.LED_Task                               0x08001788   Section        0  main.o(i.LED_Task)
    i.M500PcdConfigISOType                   0x080017e0   Section        0  rc522.o(i.M500PcdConfigISOType)
    i.MYUSART_SendData                       0x08001834   Section        0  as608.o(i.MYUSART_SendData)
    MYUSART_SendData                         0x08001835   Thumb Code    22  as608.o(i.MYUSART_SendData)
    i.MemManage_Handler                      0x08001850   Section        0  stm32f10x_it.o(i.MemManage_Handler)
    i.NMI_Handler                            0x08001854   Section        0  stm32f10x_it.o(i.NMI_Handler)
    i.NVIC_Init                              0x08001858   Section        0  misc.o(i.NVIC_Init)
    i.NVIC_PriorityGroupConfig               0x080018c8   Section        0  misc.o(i.NVIC_PriorityGroupConfig)
    i.OLED_Clear                             0x080018dc   Section        0  oled_iic.o(i.OLED_Clear)
    i.OLED_DisShowChar                       0x0800191c   Section        0  oled_iic.o(i.OLED_DisShowChar)
    i.OLED_DrawBMP                           0x08001994   Section        0  oled_iic.o(i.OLED_DrawBMP)
    i.OLED_Init                              0x08001a0c   Section        0  oled_iic.o(i.OLED_Init)
    i.OLED_Set_Pos                           0x08001b38   Section        0  oled_iic.o(i.OLED_Set_Pos)
    i.OLED_ShowCHinese                       0x08001b60   Section        0  oled_iic.o(i.OLED_ShowCHinese)
    i.OLED_ShowNum                           0x08001bc8   Section        0  oled_iic.o(i.OLED_ShowNum)
    i.OLED_ShowString                        0x08001c50   Section        0  oled_iic.o(i.OLED_ShowString)
    i.OLED_WR_Byte                           0x08001c8a   Section        0  oled_iic.o(i.OLED_WR_Byte)
    i.PS_DeletChar                           0x08001ca2   Section        0  as608.o(i.PS_DeletChar)
    i.PS_Empty                               0x08001d0e   Section        0  as608.o(i.PS_Empty)
    i.PS_GenChar                             0x08001d48   Section        0  as608.o(i.PS_GenChar)
    i.PS_GetImage                            0x08001d8e   Section        0  as608.o(i.PS_GetImage)
    i.PS_HandShake                           0x08001dc8   Section        0  as608.o(i.PS_HandShake)
    i.PS_HighSpeedSearch                     0x08001e48   Section        0  as608.o(i.PS_HighSpeedSearch)
    i.PS_Match                               0x08001ed8   Section        0  as608.o(i.PS_Match)
    i.PS_ReadSysPara                         0x08001f14   Section        0  as608.o(i.PS_ReadSysPara)
    i.PS_RegModel                            0x08002008   Section        0  as608.o(i.PS_RegModel)
    i.PS_StaGPIO_Init                        0x08002044   Section        0  as608.o(i.PS_StaGPIO_Init)
    i.PS_StoreChar                           0x08002070   Section        0  as608.o(i.PS_StoreChar)
    i.PS_ValidTempleteNum                    0x080020d0   Section        0  as608.o(i.PS_ValidTempleteNum)
    i.PcdAntennaOn                           0x08002154   Section        0  rc522.o(i.PcdAntennaOn)
    i.PcdAnticoll                            0x0800216e   Section        0  rc522.o(i.PcdAnticoll)
    i.PcdComMF522                            0x080021de   Section        0  rc522.o(i.PcdComMF522)
    i.PcdRequest                             0x08002310   Section        0  rc522.o(i.PcdRequest)
    i.PcdReset                               0x08002364   Section        0  rc522.o(i.PcdReset)
    i.PcdSelect                              0x080023ec   Section        0  rc522.o(i.PcdSelect)
    i.RC522_Handel                           0x08002460   Section        0  rc522.o(i.RC522_Handel)
    i.RC522_Init                             0x080024ec   Section        0  rc522.o(i.RC522_Init)
    i.RCC_APB1PeriphClockCmd                 0x0800251c   Section        0  stm32f10x_rcc.o(i.RCC_APB1PeriphClockCmd)
    i.RCC_APB1PeriphResetCmd                 0x0800253c   Section        0  stm32f10x_rcc.o(i.RCC_APB1PeriphResetCmd)
    i.RCC_APB2PeriphClockCmd                 0x0800255c   Section        0  stm32f10x_rcc.o(i.RCC_APB2PeriphClockCmd)
    i.RCC_APB2PeriphResetCmd                 0x0800257c   Section        0  stm32f10x_rcc.o(i.RCC_APB2PeriphResetCmd)
    i.RCC_GetClocksFreq                      0x0800259c   Section        0  stm32f10x_rcc.o(i.RCC_GetClocksFreq)
    i.RFID_Task                              0x08002670   Section        0  main.o(i.RFID_Task)
    i.ReadRawRC                              0x08002768   Section        0  rc522.o(i.ReadRawRC)
    i.SPI1_Init                              0x080027a0   Section        0  rc522.o(i.SPI1_Init)
    i.SPI_RC522_ReadByte                     0x08002840   Section        0  rc522.o(i.SPI_RC522_ReadByte)
    i.SPI_RC522_SendByte                     0x08002894   Section        0  rc522.o(i.SPI_RC522_SendByte)
    i.SendAddr                               0x080028f0   Section        0  as608.o(i.SendAddr)
    SendAddr                                 0x080028f1   Thumb Code    46  as608.o(i.SendAddr)
    i.SendCheck                              0x08002924   Section        0  as608.o(i.SendCheck)
    SendCheck                                0x08002925   Thumb Code    18  as608.o(i.SendCheck)
    i.SendFlag                               0x08002936   Section        0  as608.o(i.SendFlag)
    SendFlag                                 0x08002937   Thumb Code    12  as608.o(i.SendFlag)
    i.SendHead                               0x08002942   Section        0  as608.o(i.SendHead)
    SendHead                                 0x08002943   Thumb Code    16  as608.o(i.SendHead)
    i.SendLength                             0x08002952   Section        0  as608.o(i.SendLength)
    SendLength                               0x08002953   Thumb Code    20  as608.o(i.SendLength)
    i.Sendcmd                                0x08002966   Section        0  as608.o(i.Sendcmd)
    Sendcmd                                  0x08002967   Thumb Code    12  as608.o(i.Sendcmd)
    i.SetBitMask                             0x08002972   Section        0  rc522.o(i.SetBitMask)
    i.SetSysClock                            0x0800298c   Section        0  system_stm32f10x.o(i.SetSysClock)
    SetSysClock                              0x0800298d   Thumb Code     8  system_stm32f10x.o(i.SetSysClock)
    i.SetSysClockTo72                        0x08002994   Section        0  system_stm32f10x.o(i.SetSysClockTo72)
    SetSysClockTo72                          0x08002995   Thumb Code   214  system_stm32f10x.o(i.SetSysClockTo72)
    i.Start_Task                             0x08002a74   Section        0  main.o(i.Start_Task)
    i.SysTick_CLKSourceConfig                0x08002c28   Section        0  misc.o(i.SysTick_CLKSourceConfig)
    i.SysTick_Handler                        0x08002c50   Section        0  delay.o(i.SysTick_Handler)
    i.SystemInit                             0x08002c60   Section        0  system_stm32f10x.o(i.SystemInit)
    i.TIM3_IRQHandler                        0x08002cc0   Section        0  timer.o(i.TIM3_IRQHandler)
    i.TIM3_Int_Init                          0x08002cf4   Section        0  timer.o(i.TIM3_Int_Init)
    i.TIM4_IRQHandler                        0x08002d50   Section        0  timer.o(i.TIM4_IRQHandler)
    i.TIM_ClearITPendingBit                  0x08002d84   Section        0  stm32f10x_tim.o(i.TIM_ClearITPendingBit)
    i.TIM_Cmd                                0x08002d8a   Section        0  stm32f10x_tim.o(i.TIM_Cmd)
    i.TIM_GetITStatus                        0x08002da2   Section        0  stm32f10x_tim.o(i.TIM_GetITStatus)
    i.TIM_ITConfig                           0x08002dc4   Section        0  stm32f10x_tim.o(i.TIM_ITConfig)
    i.TIM_SetCounter                         0x08002dd6   Section        0  stm32f10x_tim.o(i.TIM_SetCounter)
    i.TIM_TimeBaseInit                       0x08002ddc   Section        0  stm32f10x_tim.o(i.TIM_TimeBaseInit)
    i.USART1_IRQHandler                      0x08002e80   Section        0  usart.o(i.USART1_IRQHandler)
    i.USART2_IRQHandler                      0x08002eb8   Section        0  usart2.o(i.USART2_IRQHandler)
    i.USART3_IRQHandler                      0x08002f0c   Section        0  usart3.o(i.USART3_IRQHandler)
    i.USART_Cmd                              0x08002f7c   Section        0  stm32f10x_usart.o(i.USART_Cmd)
    i.USART_DeInit                           0x08002f94   Section        0  stm32f10x_usart.o(i.USART_DeInit)
    i.USART_GetFlagStatus                    0x08003030   Section        0  stm32f10x_usart.o(i.USART_GetFlagStatus)
    i.USART_GetITStatus                      0x0800304a   Section        0  stm32f10x_usart.o(i.USART_GetITStatus)
    i.USART_ITConfig                         0x0800309e   Section        0  stm32f10x_usart.o(i.USART_ITConfig)
    i.USART_Init                             0x080030e8   Section        0  stm32f10x_usart.o(i.USART_Init)
    i.USART_ReceiveData                      0x080031c0   Section        0  stm32f10x_usart.o(i.USART_ReceiveData)
    i.USART_SendData                         0x080031ca   Section        0  stm32f10x_usart.o(i.USART_SendData)
    i.UsageFault_Handler                     0x080031d2   Section        0  stm32f10x_it.o(i.UsageFault_Handler)
    i.WriteRawRC                             0x080031d8   Section        0  rc522.o(i.WriteRawRC)
    i.Write_IIC_Byte                         0x0800320c   Section        0  oled_iic.o(i.Write_IIC_Byte)
    i.Write_IIC_Command                      0x08003260   Section        0  oled_iic.o(i.Write_IIC_Command)
    i.Write_IIC_Data                         0x0800328c   Section        0  oled_iic.o(i.Write_IIC_Data)
    i.__0printf                              0x080032b8   Section        0  printfa.o(i.__0printf)
    i.__0vsprintf                            0x080032d8   Section        0  printfa.o(i.__0vsprintf)
    i.__scatterload_copy                     0x080032fc   Section       14  handlers.o(i.__scatterload_copy)
    i.__scatterload_null                     0x0800330a   Section        2  handlers.o(i.__scatterload_null)
    i.__scatterload_zeroinit                 0x0800330c   Section       14  handlers.o(i.__scatterload_zeroinit)
    i._fp_digits                             0x0800331c   Section        0  printfa.o(i._fp_digits)
    _fp_digits                               0x0800331d   Thumb Code   334  printfa.o(i._fp_digits)
    i._printf_core                           0x08003480   Section        0  printfa.o(i._printf_core)
    _printf_core                             0x08003481   Thumb Code  1744  printfa.o(i._printf_core)
    i._printf_post_padding                   0x08003b5c   Section        0  printfa.o(i._printf_post_padding)
    _printf_post_padding                     0x08003b5d   Thumb Code    36  printfa.o(i._printf_post_padding)
    i._printf_pre_padding                    0x08003b80   Section        0  printfa.o(i._printf_pre_padding)
    _printf_pre_padding                      0x08003b81   Thumb Code    46  printfa.o(i._printf_pre_padding)
    i._sputc                                 0x08003bae   Section        0  printfa.o(i._sputc)
    _sputc                                   0x08003baf   Thumb Code    10  printfa.o(i._sputc)
    i.delay_init                             0x08003bb8   Section        0  delay.o(i.delay_init)
    i.delay_ms                               0x08003bfc   Section        0  delay.o(i.delay_ms)
    i.delay_us                               0x08003c3c   Section        0  delay.o(i.delay_us)
    i.esp8266_check_cmd                      0x08003c84   Section        0  esp8266.o(i.esp8266_check_cmd)
    i.esp8266_send_cmd                       0x08003cb8   Section        0  esp8266.o(i.esp8266_send_cmd)
    i.esp8266_start_trans                    0x08003d2c   Section        0  esp8266.o(i.esp8266_start_trans)
    i.fputc                                  0x08003e08   Section        0  usart.o(i.fputc)
    i.hardware_init                          0x08003e24   Section        0  main.o(i.hardware_init)
    hardware_init                            0x08003e25   Thumb Code    70  main.o(i.hardware_init)
    i.jiesuo                                 0x08003e6c   Section        0  oled_iic.o(i.jiesuo)
    i.main                                   0x08003eb8   Section        0  main.o(i.main)
    i.oled_pow                               0x08003ef8   Section        0  oled_iic.o(i.oled_pow)
    i.press_FR                               0x08003f10   Section        0  as608.o(i.press_FR)
    i.prvAddCurrentTaskToDelayedList         0x08003f78   Section        0  tasks.o(i.prvAddCurrentTaskToDelayedList)
    prvAddCurrentTaskToDelayedList           0x08003f79   Thumb Code   124  tasks.o(i.prvAddCurrentTaskToDelayedList)
    i.prvAddNewTaskToReadyList               0x08004010   Section        0  tasks.o(i.prvAddNewTaskToReadyList)
    prvAddNewTaskToReadyList                 0x08004011   Thumb Code   150  tasks.o(i.prvAddNewTaskToReadyList)
    i.prvCheckTasksWaitingTermination        0x080040c4   Section        0  tasks.o(i.prvCheckTasksWaitingTermination)
    prvCheckTasksWaitingTermination          0x080040c5   Thumb Code    86  tasks.o(i.prvCheckTasksWaitingTermination)
    i.prvDeleteTCB                           0x08004128   Section        0  tasks.o(i.prvDeleteTCB)
    prvDeleteTCB                             0x08004129   Thumb Code    18  tasks.o(i.prvDeleteTCB)
    i.prvHeapInit                            0x0800413c   Section        0  heap_4.o(i.prvHeapInit)
    prvHeapInit                              0x0800413d   Thumb Code    98  heap_4.o(i.prvHeapInit)
    i.prvIdleTask                            0x080041b8   Section        0  tasks.o(i.prvIdleTask)
    prvIdleTask                              0x080041b9   Thumb Code    32  tasks.o(i.prvIdleTask)
    i.prvInitialiseNewTask                   0x080041e0   Section        0  tasks.o(i.prvInitialiseNewTask)
    prvInitialiseNewTask                     0x080041e1   Thumb Code   128  tasks.o(i.prvInitialiseNewTask)
    i.prvInitialiseTaskLists                 0x08004260   Section        0  tasks.o(i.prvInitialiseTaskLists)
    prvInitialiseTaskLists                   0x08004261   Thumb Code    70  tasks.o(i.prvInitialiseTaskLists)
    i.prvInsertBlockIntoFreeList             0x080042c8   Section        0  heap_4.o(i.prvInsertBlockIntoFreeList)
    prvInsertBlockIntoFreeList               0x080042c9   Thumb Code    96  heap_4.o(i.prvInsertBlockIntoFreeList)
    i.prvResetNextTaskUnblockTime            0x08004330   Section        0  tasks.o(i.prvResetNextTaskUnblockTime)
    prvResetNextTaskUnblockTime              0x08004331   Thumb Code    42  tasks.o(i.prvResetNextTaskUnblockTime)
    i.prvTaskExitError                       0x08004364   Section        0  port.o(i.prvTaskExitError)
    prvTaskExitError                         0x08004365   Thumb Code    22  port.o(i.prvTaskExitError)
    i.prvTaskIsTaskSuspended                 0x0800437c   Section        0  tasks.o(i.prvTaskIsTaskSuspended)
    prvTaskIsTaskSuspended                   0x0800437d   Thumb Code    56  tasks.o(i.prvTaskIsTaskSuspended)
    i.prvTestWaitCondition                   0x080043bc   Section        0  event_groups.o(i.prvTestWaitCondition)
    prvTestWaitCondition                     0x080043bd   Thumb Code    30  event_groups.o(i.prvTestWaitCondition)
    i.pvPortMalloc                           0x080043dc   Section        0  heap_4.o(i.pvPortMalloc)
    i.pxPortInitialiseStack                  0x080044ac   Section        0  port.o(i.pxPortInitialiseStack)
    i.u2_printf                              0x080044d0   Section        0  usart2.o(i.u2_printf)
    i.usart1_init                            0x08004520   Section        0  usart.o(i.usart1_init)
    i.usart2_init                            0x080045d4   Section        0  usart2.o(i.usart2_init)
    i.usart3_init                            0x08004688   Section        0  usart3.o(i.usart3_init)
    i.uxListRemove                           0x08004758   Section        0  list.o(i.uxListRemove)
    i.uxTaskResetEventItemValue              0x08004780   Section        0  tasks.o(i.uxTaskResetEventItemValue)
    i.vListInitialise                        0x0800479c   Section        0  list.o(i.vListInitialise)
    i.vListInitialiseItem                    0x080047b6   Section        0  list.o(i.vListInitialiseItem)
    i.vListInsert                            0x080047bc   Section        0  list.o(i.vListInsert)
    i.vListInsertEnd                         0x080047f0   Section        0  list.o(i.vListInsertEnd)
    i.vPortEnterCritical                     0x08004808   Section        0  port.o(i.vPortEnterCritical)
    i.vPortExitCritical                      0x0800482c   Section        0  port.o(i.vPortExitCritical)
    i.vPortFree                              0x0800484c   Section        0  heap_4.o(i.vPortFree)
    i.vPortSetupTimerInterrupt               0x08004894   Section        0  port.o(i.vPortSetupTimerInterrupt)
    i.vTaskDelay                             0x080048a8   Section        0  tasks.o(i.vTaskDelay)
    i.vTaskDelete                            0x080048dc   Section        0  tasks.o(i.vTaskDelete)
    i.vTaskPlaceOnUnorderedEventList         0x080049a8   Section        0  tasks.o(i.vTaskPlaceOnUnorderedEventList)
    i.vTaskResume                            0x080049d4   Section        0  tasks.o(i.vTaskResume)
    i.vTaskStartScheduler                    0x08004a4c   Section        0  tasks.o(i.vTaskStartScheduler)
    i.vTaskSuspend                           0x08004ab0   Section        0  tasks.o(i.vTaskSuspend)
    i.vTaskSuspendAll                        0x08004b6c   Section        0  tasks.o(i.vTaskSuspendAll)
    i.vTaskSwitchContext                     0x08004b7c   Section        0  tasks.o(i.vTaskSwitchContext)
    i.xEventGroupCreate                      0x08004bdc   Section        0  event_groups.o(i.xEventGroupCreate)
    i.xEventGroupSetBits                     0x08004bf6   Section        0  event_groups.o(i.xEventGroupSetBits)
    i.xEventGroupWaitBits                    0x08004c88   Section        0  event_groups.o(i.xEventGroupWaitBits)
    i.xPortStartScheduler                    0x08004d50   Section        0  port.o(i.xPortStartScheduler)
    i.xPortSysTickHandler                    0x08004d84   Section        0  port.o(i.xPortSysTickHandler)
    i.xTaskCreate                            0x08004db8   Section        0  tasks.o(i.xTaskCreate)
    i.xTaskGetSchedulerState                 0x08004e18   Section        0  tasks.o(i.xTaskGetSchedulerState)
    i.xTaskIncrementTick                     0x08004e38   Section        0  tasks.o(i.xTaskIncrementTick)
    i.xTaskRemoveFromUnorderedEventList      0x08004f54   Section        0  tasks.o(i.xTaskRemoveFromUnorderedEventList)
    i.xTaskResumeAll                         0x08004fc4   Section        0  tasks.o(i.xTaskResumeAll)
    i.zhujiemian                             0x080050ac   Section        0  oled_iic.o(i.zhujiemian)
    .constdata                               0x080050f8   Section     1520  oled_iic.o(.constdata)
    .data                                    0x20000000   Section       48  main.o(.data)
    .data                                    0x20000030   Section        1  key.o(.data)
    key_up                                   0x20000030   Data           1  key.o(.data)
    .data                                    0x20000031   Section       13  rc522.o(.data)
    .data                                    0x20000040   Section        8  as608.o(.data)
    .data                                    0x20000048   Section        2  usart3.o(.data)
    .data                                    0x2000004a   Section      720  oled_iic.o(.data)
    .data                                    0x2000031a   Section        4  delay.o(.data)
    fac_us                                   0x2000031a   Data           1  delay.o(.data)
    fac_ms                                   0x2000031c   Data           2  delay.o(.data)
    .data                                    0x20000320   Section        4  usart.o(.data)
    .data                                    0x20000324   Section       20  stm32f10x_rcc.o(.data)
    APBAHBPrescTable                         0x20000324   Data          16  stm32f10x_rcc.o(.data)
    ADCPrescTable                            0x20000334   Data           4  stm32f10x_rcc.o(.data)
    .data                                    0x20000338   Section       60  tasks.o(.data)
    pxDelayedTaskList                        0x2000033c   Data           4  tasks.o(.data)
    pxOverflowDelayedTaskList                0x20000340   Data           4  tasks.o(.data)
    uxDeletedTasksWaitingCleanUp             0x20000344   Data           4  tasks.o(.data)
    uxCurrentNumberOfTasks                   0x20000348   Data           4  tasks.o(.data)
    xTickCount                               0x2000034c   Data           4  tasks.o(.data)
    uxTopReadyPriority                       0x20000350   Data           4  tasks.o(.data)
    xSchedulerRunning                        0x20000354   Data           4  tasks.o(.data)
    uxPendedTicks                            0x20000358   Data           4  tasks.o(.data)
    xYieldPending                            0x2000035c   Data           4  tasks.o(.data)
    xNumOfOverflows                          0x20000360   Data           4  tasks.o(.data)
    uxTaskNumber                             0x20000364   Data           4  tasks.o(.data)
    xNextTaskUnblockTime                     0x20000368   Data           4  tasks.o(.data)
    xIdleTaskHandle                          0x2000036c   Data           4  tasks.o(.data)
    uxSchedulerSuspended                     0x20000370   Data           4  tasks.o(.data)
    .data                                    0x20000374   Section       24  heap_4.o(.data)
    xStart                                   0x20000374   Data           8  heap_4.o(.data)
    pxEnd                                    0x2000037c   Data           4  heap_4.o(.data)
    xFreeBytesRemaining                      0x20000380   Data           4  heap_4.o(.data)
    xMinimumEverFreeBytesRemaining           0x20000384   Data           4  heap_4.o(.data)
    xBlockAllocatedBit                       0x20000388   Data           4  heap_4.o(.data)
    .data                                    0x2000038c   Section        4  port.o(.data)
    uxCriticalNesting                        0x2000038c   Data           4  port.o(.data)
    .data                                    0x20000390   Section        2  usart2.o(.data)
    .bss                                     0x20000394   Section       12  as608.o(.bss)
    .bss                                     0x200003a0   Section      400  usart3.o(.bss)
    .bss                                     0x20000530   Section      264  usart.o(.bss)
    .bss                                     0x20000638   Section      200  tasks.o(.bss)
    pxReadyTasksLists                        0x20000638   Data         100  tasks.o(.bss)
    xDelayedTaskList1                        0x2000069c   Data          20  tasks.o(.bss)
    xDelayedTaskList2                        0x200006b0   Data          20  tasks.o(.bss)
    xPendingReadyList                        0x200006c4   Data          20  tasks.o(.bss)
    xTasksWaitingTermination                 0x200006d8   Data          20  tasks.o(.bss)
    xSuspendedTaskList                       0x200006ec   Data          20  tasks.o(.bss)
    .bss                                     0x20000700   Section    17408  heap_4.o(.bss)
    ucHeap                                   0x20000700   Data       17408  heap_4.o(.bss)
    .bss                                     0x20004b00   Section      256  usart2.o(.bss)
    STACK                                    0x20004c00   Section     1024  startup_stm32f10x_hd.o(STACK)

    Global Symbols

    Symbol Name                              Value     Ov Type        Size  Object(Section)

    BuildAttributes$$THM_ISAv4$P$D$K$B$S$PE$A:L22UL41UL21$X:L11$S22US41US21$IEEE1$IW$USESV6$~STKCKD$USESV7$~SHL$OSPACE$ROPI$EBA8$MICROLIB$REQ8$PRES8$EABIv2 0x00000000   Number         0  anon$$obj.o ABSOLUTE
    __ARM_use_no_argv                        0x00000000   Number         0  main.o ABSOLUTE
    __use_no_errno                           0x00000000   Number         0  useno.o ABSOLUTE
    __use_no_exception_handling              0x00000000   Number         0  useno.o ABSOLUTE
    __use_no_fp                              0x00000000   Number         0  useno.o ABSOLUTE
    __use_no_heap                            0x00000000   Number         0  useno.o ABSOLUTE
    __use_no_heap_region                     0x00000000   Number         0  useno.o ABSOLUTE
    __use_no_semihosting                     0x00000000   Number         0  useno.o ABSOLUTE
    __use_no_semihosting_swi                 0x00000000   Number         0  useno.o ABSOLUTE
    __use_no_signal_handling                 0x00000000   Number         0  useno.o ABSOLUTE
    _printf_a                                0x00000000   Number         0  stubs.o ABSOLUTE
    _printf_c                                0x00000000   Number         0  stubs.o ABSOLUTE
    _printf_charcount                        0x00000000   Number         0  stubs.o ABSOLUTE
    _printf_d                                0x00000000   Number         0  stubs.o ABSOLUTE
    _printf_e                                0x00000000   Number         0  stubs.o ABSOLUTE
    _printf_f                                0x00000000   Number         0  stubs.o ABSOLUTE
    _printf_flags                            0x00000000   Number         0  stubs.o ABSOLUTE
    _printf_fp_dec                           0x00000000   Number         0  stubs.o ABSOLUTE
    _printf_fp_hex                           0x00000000   Number         0  stubs.o ABSOLUTE
    _printf_g                                0x00000000   Number         0  stubs.o ABSOLUTE
    _printf_i                                0x00000000   Number         0  stubs.o ABSOLUTE
    _printf_int_dec                          0x00000000   Number         0  stubs.o ABSOLUTE
    _printf_l                                0x00000000   Number         0  stubs.o ABSOLUTE
    _printf_lc                               0x00000000   Number         0  stubs.o ABSOLUTE
    _printf_ll                               0x00000000   Number         0  stubs.o ABSOLUTE
    _printf_lld                              0x00000000   Number         0  stubs.o ABSOLUTE
    _printf_lli                              0x00000000   Number         0  stubs.o ABSOLUTE
    _printf_llo                              0x00000000   Number         0  stubs.o ABSOLUTE
    _printf_llu                              0x00000000   Number         0  stubs.o ABSOLUTE
    _printf_llx                              0x00000000   Number         0  stubs.o ABSOLUTE
    _printf_longlong_dec                     0x00000000   Number         0  stubs.o ABSOLUTE
    _printf_longlong_hex                     0x00000000   Number         0  stubs.o ABSOLUTE
    _printf_longlong_oct                     0x00000000   Number         0  stubs.o ABSOLUTE
    _printf_ls                               0x00000000   Number         0  stubs.o ABSOLUTE
    _printf_mbtowc                           0x00000000   Number         0  stubs.o ABSOLUTE
    _printf_n                                0x00000000   Number         0  stubs.o ABSOLUTE
    _printf_o                                0x00000000   Number         0  stubs.o ABSOLUTE
    _printf_p                                0x00000000   Number         0  stubs.o ABSOLUTE
    _printf_percent                          0x00000000   Number         0  stubs.o ABSOLUTE
    _printf_pre_padding                      0x00000000   Number         0  stubs.o ABSOLUTE
    _printf_return_value                     0x00000000   Number         0  stubs.o ABSOLUTE
    _printf_s                                0x00000000   Number         0  stubs.o ABSOLUTE
    _printf_sizespec                         0x00000000   Number         0  stubs.o ABSOLUTE
    _printf_str                              0x00000000   Number         0  stubs.o ABSOLUTE
    _printf_truncate_signed                  0x00000000   Number         0  stubs.o ABSOLUTE
    _printf_truncate_unsigned                0x00000000   Number         0  stubs.o ABSOLUTE
    _printf_u                                0x00000000   Number         0  stubs.o ABSOLUTE
    _printf_wc                               0x00000000   Number         0  stubs.o ABSOLUTE
    _printf_wctomb                           0x00000000   Number         0  stubs.o ABSOLUTE
    _printf_widthprec                        0x00000000   Number         0  stubs.o ABSOLUTE
    _printf_x                                0x00000000   Number         0  stubs.o ABSOLUTE
    __cpp_initialize__aeabi_                  - Undefined Weak Reference
    __cxa_finalize                            - Undefined Weak Reference
    _clock_init                               - Undefined Weak Reference
    _microlib_exit                            - Undefined Weak Reference
    __Vectors_Size                           0x00000130   Number         0  startup_stm32f10x_hd.o ABSOLUTE
    __Vectors                                0x08000000   Data           4  startup_stm32f10x_hd.o(RESET)
    __Vectors_End                            0x08000130   Data           0  startup_stm32f10x_hd.o(RESET)
    __main                                   0x08000131   Thumb Code     0  entry.o(.ARM.Collect$$$$00000000)
    _main_stk                                0x08000131   Thumb Code     0  entry2.o(.ARM.Collect$$$$00000001)
    _main_scatterload                        0x08000135   Thumb Code     0  entry5.o(.ARM.Collect$$$$00000004)
    __main_after_scatterload                 0x08000139   Thumb Code     0  entry5.o(.ARM.Collect$$$$00000004)
    _main_clock                              0x08000139   Thumb Code     0  entry7b.o(.ARM.Collect$$$$00000008)
    _main_cpp_init                           0x08000139   Thumb Code     0  entry8b.o(.ARM.Collect$$$$0000000A)
    _main_init                               0x08000139   Thumb Code     0  entry9a.o(.ARM.Collect$$$$0000000B)
    __rt_final_cpp                           0x08000141   Thumb Code     0  entry10a.o(.ARM.Collect$$$$0000000D)
    __rt_final_exit                          0x08000141   Thumb Code     0  entry11a.o(.ARM.Collect$$$$0000000F)
    SVC_Handler                              0x08000145   Thumb Code    32  port.o(.emb_text)
    __asm___6_port_c_39a90d8d__prvStartFirstTask 0x08000169   Thumb Code    28  port.o(.emb_text)
    PendSV_Handler                           0x08000189   Thumb Code    72  port.o(.emb_text)
    vPortGetIPSR                             0x080001d5   Thumb Code     6  port.o(.emb_text)
    Reset_Handler                            0x080001dd   Thumb Code     8  startup_stm32f10x_hd.o(.text)
    ADC1_2_IRQHandler                        0x080001f7   Thumb Code     0  startup_stm32f10x_hd.o(.text)
    ADC3_IRQHandler                          0x080001f7   Thumb Code     0  startup_stm32f10x_hd.o(.text)
    CAN1_RX1_IRQHandler                      0x080001f7   Thumb Code     0  startup_stm32f10x_hd.o(.text)
    CAN1_SCE_IRQHandler                      0x080001f7   Thumb Code     0  startup_stm32f10x_hd.o(.text)
    DMA1_Channel1_IRQHandler                 0x080001f7   Thumb Code     0  startup_stm32f10x_hd.o(.text)
    DMA1_Channel2_IRQHandler                 0x080001f7   Thumb Code     0  startup_stm32f10x_hd.o(.text)
    DMA1_Channel3_IRQHandler                 0x080001f7   Thumb Code     0  startup_stm32f10x_hd.o(.text)
    DMA1_Channel4_IRQHandler                 0x080001f7   Thumb Code     0  startup_stm32f10x_hd.o(.text)
    DMA1_Channel5_IRQHandler                 0x080001f7   Thumb Code     0  startup_stm32f10x_hd.o(.text)
    DMA1_Channel6_IRQHandler                 0x080001f7   Thumb Code     0  startup_stm32f10x_hd.o(.text)
    DMA1_Channel7_IRQHandler                 0x080001f7   Thumb Code     0  startup_stm32f10x_hd.o(.text)
    DMA2_Channel1_IRQHandler                 0x080001f7   Thumb Code     0  startup_stm32f10x_hd.o(.text)
    DMA2_Channel2_IRQHandler                 0x080001f7   Thumb Code     0  startup_stm32f10x_hd.o(.text)
    DMA2_Channel3_IRQHandler                 0x080001f7   Thumb Code     0  startup_stm32f10x_hd.o(.text)
    DMA2_Channel4_5_IRQHandler               0x080001f7   Thumb Code     0  startup_stm32f10x_hd.o(.text)
    EXTI0_IRQHandler                         0x080001f7   Thumb Code     0  startup_stm32f10x_hd.o(.text)
    EXTI15_10_IRQHandler                     0x080001f7   Thumb Code     0  startup_stm32f10x_hd.o(.text)
    EXTI1_IRQHandler                         0x080001f7   Thumb Code     0  startup_stm32f10x_hd.o(.text)
    EXTI2_IRQHandler                         0x080001f7   Thumb Code     0  startup_stm32f10x_hd.o(.text)
    EXTI3_IRQHandler                         0x080001f7   Thumb Code     0  startup_stm32f10x_hd.o(.text)
    EXTI4_IRQHandler                         0x080001f7   Thumb Code     0  startup_stm32f10x_hd.o(.text)
    EXTI9_5_IRQHandler                       0x080001f7   Thumb Code     0  startup_stm32f10x_hd.o(.text)
    FLASH_IRQHandler                         0x080001f7   Thumb Code     0  startup_stm32f10x_hd.o(.text)
    FSMC_IRQHandler                          0x080001f7   Thumb Code     0  startup_stm32f10x_hd.o(.text)
    I2C1_ER_IRQHandler                       0x080001f7   Thumb Code     0  startup_stm32f10x_hd.o(.text)
    I2C1_EV_IRQHandler                       0x080001f7   Thumb Code     0  startup_stm32f10x_hd.o(.text)
    I2C2_ER_IRQHandler                       0x080001f7   Thumb Code     0  startup_stm32f10x_hd.o(.text)
    I2C2_EV_IRQHandler                       0x080001f7   Thumb Code     0  startup_stm32f10x_hd.o(.text)
    PVD_IRQHandler                           0x080001f7   Thumb Code     0  startup_stm32f10x_hd.o(.text)
    RCC_IRQHandler                           0x080001f7   Thumb Code     0  startup_stm32f10x_hd.o(.text)
    RTCAlarm_IRQHandler                      0x080001f7   Thumb Code     0  startup_stm32f10x_hd.o(.text)
    RTC_IRQHandler                           0x080001f7   Thumb Code     0  startup_stm32f10x_hd.o(.text)
    SDIO_IRQHandler                          0x080001f7   Thumb Code     0  startup_stm32f10x_hd.o(.text)
    SPI1_IRQHandler                          0x080001f7   Thumb Code     0  startup_stm32f10x_hd.o(.text)
    SPI2_IRQHandler                          0x080001f7   Thumb Code     0  startup_stm32f10x_hd.o(.text)
    SPI3_IRQHandler                          0x080001f7   Thumb Code     0  startup_stm32f10x_hd.o(.text)
    TAMPER_IRQHandler                        0x080001f7   Thumb Code     0  startup_stm32f10x_hd.o(.text)
    TIM1_BRK_IRQHandler                      0x080001f7   Thumb Code     0  startup_stm32f10x_hd.o(.text)
    TIM1_CC_IRQHandler                       0x080001f7   Thumb Code     0  startup_stm32f10x_hd.o(.text)
    TIM1_TRG_COM_IRQHandler                  0x080001f7   Thumb Code     0  startup_stm32f10x_hd.o(.text)
    TIM1_UP_IRQHandler                       0x080001f7   Thumb Code     0  startup_stm32f10x_hd.o(.text)
    TIM2_IRQHandler                          0x080001f7   Thumb Code     0  startup_stm32f10x_hd.o(.text)
    TIM5_IRQHandler                          0x080001f7   Thumb Code     0  startup_stm32f10x_hd.o(.text)
    TIM6_IRQHandler                          0x080001f7   Thumb Code     0  startup_stm32f10x_hd.o(.text)
    TIM7_IRQHandler                          0x080001f7   Thumb Code     0  startup_stm32f10x_hd.o(.text)
    TIM8_BRK_IRQHandler                      0x080001f7   Thumb Code     0  startup_stm32f10x_hd.o(.text)
    TIM8_CC_IRQHandler                       0x080001f7   Thumb Code     0  startup_stm32f10x_hd.o(.text)
    TIM8_TRG_COM_IRQHandler                  0x080001f7   Thumb Code     0  startup_stm32f10x_hd.o(.text)
    TIM8_UP_IRQHandler                       0x080001f7   Thumb Code     0  startup_stm32f10x_hd.o(.text)
    UART4_IRQHandler                         0x080001f7   Thumb Code     0  startup_stm32f10x_hd.o(.text)
    UART5_IRQHandler                         0x080001f7   Thumb Code     0  startup_stm32f10x_hd.o(.text)
    USBWakeUp_IRQHandler                     0x080001f7   Thumb Code     0  startup_stm32f10x_hd.o(.text)
    USB_HP_CAN1_TX_IRQHandler                0x080001f7   Thumb Code     0  startup_stm32f10x_hd.o(.text)
    USB_LP_CAN1_RX0_IRQHandler               0x080001f7   Thumb Code     0  startup_stm32f10x_hd.o(.text)
    WWDG_IRQHandler                          0x080001f7   Thumb Code     0  startup_stm32f10x_hd.o(.text)
    __aeabi_memset                           0x08000201   Thumb Code    14  memseta.o(.text)
    __aeabi_memset4                          0x08000201   Thumb Code     0  memseta.o(.text)
    __aeabi_memset8                          0x08000201   Thumb Code     0  memseta.o(.text)
    __aeabi_memclr                           0x0800020f   Thumb Code     4  memseta.o(.text)
    __aeabi_memclr4                          0x0800020f   Thumb Code     0  memseta.o(.text)
    __aeabi_memclr8                          0x0800020f   Thumb Code     0  memseta.o(.text)
    _memset$wrapper                          0x08000213   Thumb Code    18  memseta.o(.text)
    strstr                                   0x08000225   Thumb Code    36  strstr.o(.text)
    strlen                                   0x08000249   Thumb Code    14  strlen.o(.text)
    __aeabi_uidiv                            0x08000257   Thumb Code     0  uidiv.o(.text)
    __aeabi_uidivmod                         0x08000257   Thumb Code    44  uidiv.o(.text)
    __aeabi_uldivmod                         0x08000283   Thumb Code    98  uldiv.o(.text)
    __I$use$fp                               0x080002e5   Thumb Code     0  iusefp.o(.text)
    __aeabi_dadd                             0x080002e5   Thumb Code   322  dadd.o(.text)
    __aeabi_dsub                             0x08000427   Thumb Code     6  dadd.o(.text)
    __aeabi_drsub                            0x0800042d   Thumb Code     6  dadd.o(.text)
    __aeabi_dmul                             0x08000433   Thumb Code   228  dmul.o(.text)
    __aeabi_ddiv                             0x08000517   Thumb Code   222  ddiv.o(.text)
    __aeabi_d2ulz                            0x080005f5   Thumb Code    48  dfixul.o(.text)
    __aeabi_cdrcmple                         0x08000625   Thumb Code    48  cdrcmple.o(.text)
    __scatterload                            0x08000655   Thumb Code    28  init.o(.text)
    __scatterload_rt2                        0x08000655   Thumb Code     0  init.o(.text)
    __aeabi_llsl                             0x08000679   Thumb Code    30  llshl.o(.text)
    _ll_shift_l                              0x08000679   Thumb Code     0  llshl.o(.text)
    __aeabi_llsr                             0x08000697   Thumb Code    32  llushr.o(.text)
    _ll_ushift_r                             0x08000697   Thumb Code     0  llushr.o(.text)
    __aeabi_lasr                             0x080006b7   Thumb Code    36  llsshr.o(.text)
    _ll_sshift_r                             0x080006b7   Thumb Code     0  llsshr.o(.text)
    _double_round                            0x080006db   Thumb Code    30  depilogue.o(.text)
    _double_epilogue                         0x080006f9   Thumb Code   156  depilogue.o(.text)
    __decompress                             0x08000795   Thumb Code     0  __dczerorl2.o(.text)
    __decompress1                            0x08000795   Thumb Code    86  __dczerorl2.o(.text)
    AS608_Init                               0x080007ed   Thumb Code    76  as608.o(i.AS608_Init)
    AS608_Task                               0x08000899   Thumb Code   170  main.o(i.AS608_Task)
    Add_FR                                   0x0800099d   Thumb Code   530  as608.o(i.Add_FR)
    Admin_Task                               0x08000c25   Thumb Code   140  main.o(i.Admin_Task)
    BEEP_Init                                0x08000ce5   Thumb Code    46  beep.o(i.BEEP_Init)
    BusFault_Handler                         0x08000d19   Thumb Code     4  stm32f10x_it.o(i.BusFault_Handler)
    CalulateCRC                              0x08000d1d   Thumb Code   108  rc522.o(i.CalulateCRC)
    ClearBitMask                             0x08000d89   Thumb Code    26  rc522.o(i.ClearBitMask)
    DebugMon_Handler                         0x08000da3   Thumb Code     2  stm32f10x_it.o(i.DebugMon_Handler)
    Del_FR                                   0x08000da5   Thumb Code   182  as608.o(i.Del_FR)
    ESP8266_Task                             0x08000e95   Thumb Code   422  main.o(i.ESP8266_Task)
    EnsureMessage                            0x08001119   Thumb Code   140  as608.o(i.EnsureMessage)
    GPIO_Init                                0x08001389   Thumb Code   278  stm32f10x_gpio.o(i.GPIO_Init)
    GPIO_ReadInputDataBit                    0x0800149f   Thumb Code    18  stm32f10x_gpio.o(i.GPIO_ReadInputDataBit)
    GPIO_ResetBits                           0x080014b1   Thumb Code     4  stm32f10x_gpio.o(i.GPIO_ResetBits)
    GPIO_SetBits                             0x080014b5   Thumb Code     4  stm32f10x_gpio.o(i.GPIO_SetBits)
    HardFault_Handler                        0x080014b9   Thumb Code     4  stm32f10x_it.o(i.HardFault_Handler)
    IIC_Start                                0x080014bd   Thumb Code    36  oled_iic.o(i.IIC_Start)
    IIC_Stop                                 0x080014e5   Thumb Code    28  oled_iic.o(i.IIC_Stop)
    IIC_Wait_Ack                             0x08001505   Thumb Code    20  oled_iic.o(i.IIC_Wait_Ack)
    KEY_Init                                 0x080015a5   Thumb Code   122  key.o(i.KEY_Init)
    KEY_Scan                                 0x08001629   Thumb Code   180  key.o(i.KEY_Scan)
    LCD_Task                                 0x080016e9   Thumb Code    62  main.o(i.LCD_Task)
    LED_Init                                 0x08001735   Thumb Code    76  led.o(i.LED_Init)
    LED_Task                                 0x08001789   Thumb Code    60  main.o(i.LED_Task)
    M500PcdConfigISOType                     0x080017e1   Thumb Code    84  rc522.o(i.M500PcdConfigISOType)
    MemManage_Handler                        0x08001851   Thumb Code     4  stm32f10x_it.o(i.MemManage_Handler)
    NMI_Handler                              0x08001855   Thumb Code     2  stm32f10x_it.o(i.NMI_Handler)
    NVIC_Init                                0x08001859   Thumb Code   100  misc.o(i.NVIC_Init)
    NVIC_PriorityGroupConfig                 0x080018c9   Thumb Code    10  misc.o(i.NVIC_PriorityGroupConfig)
    OLED_Clear                               0x080018dd   Thumb Code    62  oled_iic.o(i.OLED_Clear)
    OLED_DisShowChar                         0x0800191d   Thumb Code   114  oled_iic.o(i.OLED_DisShowChar)
    OLED_DrawBMP                             0x08001995   Thumb Code   118  oled_iic.o(i.OLED_DrawBMP)
    OLED_Init                                0x08001a0d   Thumb Code   296  oled_iic.o(i.OLED_Init)
    OLED_Set_Pos                             0x08001b39   Thumb Code    40  oled_iic.o(i.OLED_Set_Pos)
    OLED_ShowCHinese                         0x08001b61   Thumb Code    98  oled_iic.o(i.OLED_ShowCHinese)
    OLED_ShowNum                             0x08001bc9   Thumb Code   136  oled_iic.o(i.OLED_ShowNum)
    OLED_ShowString                          0x08001c51   Thumb Code    58  oled_iic.o(i.OLED_ShowString)
    OLED_WR_Byte                             0x08001c8b   Thumb Code    24  oled_iic.o(i.OLED_WR_Byte)
    PS_DeletChar                             0x08001ca3   Thumb Code   108  as608.o(i.PS_DeletChar)
    PS_Empty                                 0x08001d0f   Thumb Code    58  as608.o(i.PS_Empty)
    PS_GenChar                               0x08001d49   Thumb Code    70  as608.o(i.PS_GenChar)
    PS_GetImage                              0x08001d8f   Thumb Code    58  as608.o(i.PS_GetImage)
    PS_HandShake                             0x08001dc9   Thumb Code   118  as608.o(i.PS_HandShake)
    PS_HighSpeedSearch                       0x08001e49   Thumb Code   144  as608.o(i.PS_HighSpeedSearch)
    PS_Match                                 0x08001ed9   Thumb Code    58  as608.o(i.PS_Match)
    PS_ReadSysPara                           0x08001f15   Thumb Code   168  as608.o(i.PS_ReadSysPara)
    PS_RegModel                              0x08002009   Thumb Code    58  as608.o(i.PS_RegModel)
    PS_StaGPIO_Init                          0x08002045   Thumb Code    38  as608.o(i.PS_StaGPIO_Init)
    PS_StoreChar                             0x08002071   Thumb Code    96  as608.o(i.PS_StoreChar)
    PS_ValidTempleteNum                      0x080020d1   Thumb Code   108  as608.o(i.PS_ValidTempleteNum)
    PcdAntennaOn                             0x08002155   Thumb Code    26  rc522.o(i.PcdAntennaOn)
    PcdAnticoll                              0x0800216f   Thumb Code   112  rc522.o(i.PcdAnticoll)
    PcdComMF522                              0x080021df   Thumb Code   306  rc522.o(i.PcdComMF522)
    PcdRequest                               0x08002311   Thumb Code    84  rc522.o(i.PcdRequest)
    PcdReset                                 0x08002365   Thumb Code   130  rc522.o(i.PcdReset)
    PcdSelect                                0x080023ed   Thumb Code   114  rc522.o(i.PcdSelect)
    RC522_Handel                             0x08002461   Thumb Code   124  rc522.o(i.RC522_Handel)
    RC522_Init                               0x080024ed   Thumb Code    38  rc522.o(i.RC522_Init)
    RCC_APB1PeriphClockCmd                   0x0800251d   Thumb Code    26  stm32f10x_rcc.o(i.RCC_APB1PeriphClockCmd)
    RCC_APB1PeriphResetCmd                   0x0800253d   Thumb Code    26  stm32f10x_rcc.o(i.RCC_APB1PeriphResetCmd)
    RCC_APB2PeriphClockCmd                   0x0800255d   Thumb Code    26  stm32f10x_rcc.o(i.RCC_APB2PeriphClockCmd)
    RCC_APB2PeriphResetCmd                   0x0800257d   Thumb Code    26  stm32f10x_rcc.o(i.RCC_APB2PeriphResetCmd)
    RCC_GetClocksFreq                        0x0800259d   Thumb Code   192  stm32f10x_rcc.o(i.RCC_GetClocksFreq)
    RFID_Task                                0x08002671   Thumb Code   158  main.o(i.RFID_Task)
    ReadRawRC                                0x08002769   Thumb Code    50  rc522.o(i.ReadRawRC)
    SPI1_Init                                0x080027a1   Thumb Code   152  rc522.o(i.SPI1_Init)
    SPI_RC522_ReadByte                       0x08002841   Thumb Code    78  rc522.o(i.SPI_RC522_ReadByte)
    SPI_RC522_SendByte                       0x08002895   Thumb Code    88  rc522.o(i.SPI_RC522_SendByte)
    SetBitMask                               0x08002973   Thumb Code    26  rc522.o(i.SetBitMask)
    Start_Task                               0x08002a75   Thumb Code   208  main.o(i.Start_Task)
    SysTick_CLKSourceConfig                  0x08002c29   Thumb Code    40  misc.o(i.SysTick_CLKSourceConfig)
    SysTick_Handler                          0x08002c51   Thumb Code    16  delay.o(i.SysTick_Handler)
    SystemInit                               0x08002c61   Thumb Code    78  system_stm32f10x.o(i.SystemInit)
    TIM3_IRQHandler                          0x08002cc1   Thumb Code    42  timer.o(i.TIM3_IRQHandler)
    TIM3_Int_Init                            0x08002cf5   Thumb Code    88  timer.o(i.TIM3_Int_Init)
    TIM4_IRQHandler                          0x08002d51   Thumb Code    42  timer.o(i.TIM4_IRQHandler)
    TIM_ClearITPendingBit                    0x08002d85   Thumb Code     6  stm32f10x_tim.o(i.TIM_ClearITPendingBit)
    TIM_Cmd                                  0x08002d8b   Thumb Code    24  stm32f10x_tim.o(i.TIM_Cmd)
    TIM_GetITStatus                          0x08002da3   Thumb Code    34  stm32f10x_tim.o(i.TIM_GetITStatus)
    TIM_ITConfig                             0x08002dc5   Thumb Code    18  stm32f10x_tim.o(i.TIM_ITConfig)
    TIM_SetCounter                           0x08002dd7   Thumb Code     4  stm32f10x_tim.o(i.TIM_SetCounter)
    TIM_TimeBaseInit                         0x08002ddd   Thumb Code   122  stm32f10x_tim.o(i.TIM_TimeBaseInit)
    USART1_IRQHandler                        0x08002e81   Thumb Code    46  usart.o(i.USART1_IRQHandler)
    USART2_IRQHandler                        0x08002eb9   Thumb Code    72  usart2.o(i.USART2_IRQHandler)
    USART3_IRQHandler                        0x08002f0d   Thumb Code    94  usart3.o(i.USART3_IRQHandler)
    USART_Cmd                                0x08002f7d   Thumb Code    24  stm32f10x_usart.o(i.USART_Cmd)
    USART_DeInit                             0x08002f95   Thumb Code   134  stm32f10x_usart.o(i.USART_DeInit)
    USART_GetFlagStatus                      0x08003031   Thumb Code    26  stm32f10x_usart.o(i.USART_GetFlagStatus)
    USART_GetITStatus                        0x0800304b   Thumb Code    84  stm32f10x_usart.o(i.USART_GetITStatus)
    USART_ITConfig                           0x0800309f   Thumb Code    74  stm32f10x_usart.o(i.USART_ITConfig)
    USART_Init                               0x080030e9   Thumb Code   210  stm32f10x_usart.o(i.USART_Init)
    USART_ReceiveData                        0x080031c1   Thumb Code    10  stm32f10x_usart.o(i.USART_ReceiveData)
    USART_SendData                           0x080031cb   Thumb Code     8  stm32f10x_usart.o(i.USART_SendData)
    UsageFault_Handler                       0x080031d3   Thumb Code     4  stm32f10x_it.o(i.UsageFault_Handler)
    WriteRawRC                               0x080031d9   Thumb Code    46  rc522.o(i.WriteRawRC)
    Write_IIC_Byte                           0x0800320d   Thumb Code    80  oled_iic.o(i.Write_IIC_Byte)
    Write_IIC_Command                        0x08003261   Thumb Code    44  oled_iic.o(i.Write_IIC_Command)
    Write_IIC_Data                           0x0800328d   Thumb Code    44  oled_iic.o(i.Write_IIC_Data)
    __0printf                                0x080032b9   Thumb Code    22  printfa.o(i.__0printf)
    __1printf                                0x080032b9   Thumb Code     0  printfa.o(i.__0printf)
    __2printf                                0x080032b9   Thumb Code     0  printfa.o(i.__0printf)
    __c89printf                              0x080032b9   Thumb Code     0  printfa.o(i.__0printf)
    printf                                   0x080032b9   Thumb Code     0  printfa.o(i.__0printf)
    __0vsprintf                              0x080032d9   Thumb Code    30  printfa.o(i.__0vsprintf)
    __1vsprintf                              0x080032d9   Thumb Code     0  printfa.o(i.__0vsprintf)
    __2vsprintf                              0x080032d9   Thumb Code     0  printfa.o(i.__0vsprintf)
    __c89vsprintf                            0x080032d9   Thumb Code     0  printfa.o(i.__0vsprintf)
    vsprintf                                 0x080032d9   Thumb Code     0  printfa.o(i.__0vsprintf)
    __scatterload_copy                       0x080032fd   Thumb Code    14  handlers.o(i.__scatterload_copy)
    __scatterload_null                       0x0800330b   Thumb Code     2  handlers.o(i.__scatterload_null)
    __scatterload_zeroinit                   0x0800330d   Thumb Code    14  handlers.o(i.__scatterload_zeroinit)
    delay_init                               0x08003bb9   Thumb Code    58  delay.o(i.delay_init)
    delay_ms                                 0x08003bfd   Thumb Code    60  delay.o(i.delay_ms)
    delay_us                                 0x08003c3d   Thumb Code    68  delay.o(i.delay_us)
    esp8266_check_cmd                        0x08003c85   Thumb Code    44  esp8266.o(i.esp8266_check_cmd)
    esp8266_send_cmd                         0x08003cb9   Thumb Code    92  esp8266.o(i.esp8266_send_cmd)
    esp8266_start_trans                      0x08003d2d   Thumb Code    98  esp8266.o(i.esp8266_start_trans)
    fputc                                    0x08003e09   Thumb Code    24  usart.o(i.fputc)
    jiesuo                                   0x08003e6d   Thumb Code    70  oled_iic.o(i.jiesuo)
    main                                     0x08003eb9   Thumb Code    42  main.o(i.main)
    oled_pow                                 0x08003ef9   Thumb Code    22  oled_iic.o(i.oled_pow)
    press_FR                                 0x08003f11   Thumb Code    68  as608.o(i.press_FR)
    pvPortMalloc                             0x080043dd   Thumb Code   188  heap_4.o(i.pvPortMalloc)
    pxPortInitialiseStack                    0x080044ad   Thumb Code    30  port.o(i.pxPortInitialiseStack)
    u2_printf                                0x080044d1   Thumb Code    72  usart2.o(i.u2_printf)
    usart1_init                              0x08004521   Thumb Code   170  usart.o(i.usart1_init)
    usart2_init                              0x080045d5   Thumb Code   168  usart2.o(i.usart2_init)
    usart3_init                              0x08004689   Thumb Code   192  usart3.o(i.usart3_init)
    uxListRemove                             0x08004759   Thumb Code    40  list.o(i.uxListRemove)
    uxTaskResetEventItemValue                0x08004781   Thumb Code    24  tasks.o(i.uxTaskResetEventItemValue)
    vListInitialise                          0x0800479d   Thumb Code    26  list.o(i.vListInitialise)
    vListInitialiseItem                      0x080047b7   Thumb Code     6  list.o(i.vListInitialiseItem)
    vListInsert                              0x080047bd   Thumb Code    52  list.o(i.vListInsert)
    vListInsertEnd                           0x080047f1   Thumb Code    24  list.o(i.vListInsertEnd)
    vPortEnterCritical                       0x08004809   Thumb Code    30  port.o(i.vPortEnterCritical)
    vPortExitCritical                        0x0800482d   Thumb Code    28  port.o(i.vPortExitCritical)
    vPortFree                                0x0800484d   Thumb Code    64  heap_4.o(i.vPortFree)
    vPortSetupTimerInterrupt                 0x08004895   Thumb Code    14  port.o(i.vPortSetupTimerInterrupt)
    vTaskDelay                               0x080048a9   Thumb Code    46  tasks.o(i.vTaskDelay)
    vTaskDelete                              0x080048dd   Thumb Code   166  tasks.o(i.vTaskDelete)
    vTaskPlaceOnUnorderedEventList           0x080049a9   Thumb Code    40  tasks.o(i.vTaskPlaceOnUnorderedEventList)
    vTaskResume                              0x080049d5   Thumb Code   104  tasks.o(i.vTaskResume)
    vTaskStartScheduler                      0x08004a4d   Thumb Code    72  tasks.o(i.vTaskStartScheduler)
    vTaskSuspend                             0x08004ab1   Thumb Code   160  tasks.o(i.vTaskSuspend)
    vTaskSuspendAll                          0x08004b6d   Thumb Code    12  tasks.o(i.vTaskSuspendAll)
    vTaskSwitchContext                       0x08004b7d   Thumb Code    76  tasks.o(i.vTaskSwitchContext)
    xEventGroupCreate                        0x08004bdd   Thumb Code    26  event_groups.o(i.xEventGroupCreate)
    xEventGroupSetBits                       0x08004bf7   Thumb Code   146  event_groups.o(i.xEventGroupSetBits)
    xEventGroupWaitBits                      0x08004c89   Thumb Code   194  event_groups.o(i.xEventGroupWaitBits)
    xPortStartScheduler                      0x08004d51   Thumb Code    42  port.o(i.xPortStartScheduler)
    xPortSysTickHandler                      0x08004d85   Thumb Code    46  port.o(i.xPortSysTickHandler)
    xTaskCreate                              0x08004db9   Thumb Code    96  tasks.o(i.xTaskCreate)
    xTaskGetSchedulerState                   0x08004e19   Thumb Code    24  tasks.o(i.xTaskGetSchedulerState)
    xTaskIncrementTick                       0x08004e39   Thumb Code   238  tasks.o(i.xTaskIncrementTick)
    xTaskRemoveFromUnorderedEventList        0x08004f55   Thumb Code    94  tasks.o(i.xTaskRemoveFromUnorderedEventList)
    xTaskResumeAll                           0x08004fc5   Thumb Code   196  tasks.o(i.xTaskResumeAll)
    zhujiemian                               0x080050ad   Thumb Code    70  oled_iic.o(i.zhujiemian)
    F8X16                                    0x080050f8   Data        1520  oled_iic.o(.constdata)
    Region$$Table$$Base                      0x080056e8   Number         0  anon$$obj.o(Region$$Table)
    Region$$Table$$Limit                     0x08005708   Number         0  anon$$obj.o(Region$$Table)
    err                                      0x20000000   Data           4  main.o(.data)
    RFID_Flag                                0x20000004   Data           4  main.o(.data)
    AS608_Flag                               0x20000008   Data           4  main.o(.data)
    ESP8266_Flag                             0x2000000c   Data           4  main.o(.data)
    xEventHandle                             0x20000010   Data           4  main.o(.data)
    xStartTaskHandler                        0x20000014   Data           4  main.o(.data)
    xLcdTaskHandle                           0x20000018   Data           4  main.o(.data)
    xRFIDTaskHandle                          0x2000001c   Data           4  main.o(.data)
    xAS608TaskHandle                         0x20000020   Data           4  main.o(.data)
    xESP8266TaskHandle                       0x20000024   Data           4  main.o(.data)
    xAdminTaskHandle                         0x20000028   Data           4  main.o(.data)
    xLEDTaskHandle                           0x2000002c   Data           4  main.o(.data)
    CT                                       0x20000031   Data           2  rc522.o(.data)
    SN                                       0x20000033   Data           4  rc522.o(.data)
    kahao1                                   0x20000037   Data           4  rc522.o(.data)
    status                                   0x2000003b   Data           1  rc522.o(.data)
    s                                        0x2000003c   Data           1  rc522.o(.data)
    ShowON                                   0x2000003d   Data           1  rc522.o(.data)
    AS608Addr                                0x20000040   Data           4  as608.o(.data)
    ensure1                                  0x20000044   Data           1  as608.o(.data)
    ValidN                                   0x20000046   Data           2  as608.o(.data)
    USART3_RX_STA                            0x20000048   Data           2  usart3.o(.data)
    Hzk                                      0x2000004a   Data         320  oled_iic.o(.data)
    BMP1                                     0x2000018a   Data         200  oled_iic.o(.data)
    BMP2                                     0x20000252   Data         200  oled_iic.o(.data)
    __stdout                                 0x20000320   Data           4  usart.o(.data)
    pxCurrentTCB                             0x20000338   Data           4  tasks.o(.data)
    USART2_RX_STA                            0x20000390   Data           2  usart2.o(.data)
    AS608Para                                0x20000394   Data          12  as608.o(.bss)
    USART3_RX_BUF                            0x200003a0   Data         200  usart3.o(.bss)
    USART3_TX_BUF                            0x20000468   Data         200  usart3.o(.bss)
    buf_uart1                                0x20000530   Data         264  usart.o(.bss)
    USART2_RX_BUF                            0x20004b00   Data         128  usart2.o(.bss)
    USART2_TX_BUF                            0x20004b80   Data         128  usart2.o(.bss)
    __initial_sp                             0x20005000   Data           0  startup_stm32f10x_hd.o(STACK)



==============================================================================

Memory Map of the image

  Image Entry point : 0x080001dd

  Load Region LR_1 (Base: 0x08000000, Size: 0x00005a9c, Max: 0xffffffff, ABSOLUTE, COMPRESSED[0x00005808])

    Execution Region ER_RO (Base: 0x08000000, Size: 0x00005708, Max: 0xffffffff, ABSOLUTE)

    Base Addr    Size         Type   Attr      Idx    E Section Name        Object

    0x08000000   0x00000130   Data   RO         1109    RESET               startup_stm32f10x_hd.o
    0x08000130   0x00000000   Code   RO         2993  * .ARM.Collect$$$$00000000  mc_w.l(entry.o)
    0x08000130   0x00000004   Code   RO         3267    .ARM.Collect$$$$00000001  mc_w.l(entry2.o)
    0x08000134   0x00000004   Code   RO         3270    .ARM.Collect$$$$00000004  mc_w.l(entry5.o)
    0x08000138   0x00000000   Code   RO         3272    .ARM.Collect$$$$00000008  mc_w.l(entry7b.o)
    0x08000138   0x00000000   Code   RO         3274    .ARM.Collect$$$$0000000A  mc_w.l(entry8b.o)
    0x08000138   0x00000008   Code   RO         3275    .ARM.Collect$$$$0000000B  mc_w.l(entry9a.o)
    0x08000140   0x00000000   Code   RO         3277    .ARM.Collect$$$$0000000D  mc_w.l(entry10a.o)
    0x08000140   0x00000000   Code   RO         3279    .ARM.Collect$$$$0000000F  mc_w.l(entry11a.o)
    0x08000140   0x00000004   Code   RO         3268    .ARM.Collect$$$$00002712  mc_w.l(entry2.o)
    0x08000144   0x00000096   Code   RO         2863    .emb_text           port.o
    0x080001da   0x00000002   PAD
    0x080001dc   0x00000024   Code   RO         1110  * .text               startup_stm32f10x_hd.o
    0x08000200   0x00000024   Code   RO         2998    .text               mc_w.l(memseta.o)
    0x08000224   0x00000024   Code   RO         3000    .text               mc_w.l(strstr.o)
    0x08000248   0x0000000e   Code   RO         3002    .text               mc_w.l(strlen.o)
    0x08000256   0x0000002c   Code   RO         3281    .text               mc_w.l(uidiv.o)
    0x08000282   0x00000062   Code   RO         3283    .text               mc_w.l(uldiv.o)
    0x080002e4   0x00000000   Code   RO         3285    .text               mc_w.l(iusefp.o)
    0x080002e4   0x0000014e   Code   RO         3286    .text               mf_w.l(dadd.o)
    0x08000432   0x000000e4   Code   RO         3288    .text               mf_w.l(dmul.o)
    0x08000516   0x000000de   Code   RO         3290    .text               mf_w.l(ddiv.o)
    0x080005f4   0x00000030   Code   RO         3292    .text               mf_w.l(dfixul.o)
    0x08000624   0x00000030   Code   RO         3294    .text               mf_w.l(cdrcmple.o)
    0x08000654   0x00000024   Code   RO         3296    .text               mc_w.l(init.o)
    0x08000678   0x0000001e   Code   RO         3298    .text               mc_w.l(llshl.o)
    0x08000696   0x00000020   Code   RO         3300    .text               mc_w.l(llushr.o)
    0x080006b6   0x00000024   Code   RO         3302    .text               mc_w.l(llsshr.o)
    0x080006da   0x000000ba   Code   RO         3304    .text               mf_w.l(depilogue.o)
    0x08000794   0x00000056   Code   RO         3314    .text               mc_w.l(__dczerorl2.o)
    0x080007ea   0x00000002   PAD
    0x080007ec   0x000000ac   Code   RO          553    i.AS608_Init        as608.o
    0x08000898   0x00000104   Code   RO            1    i.AS608_Task        main.o
    0x0800099c   0x00000288   Code   RO          554    i.Add_FR            as608.o
    0x08000c24   0x000000c0   Code   RO            2    i.Admin_Task        main.o
    0x08000ce4   0x00000034   Code   RO          541    i.BEEP_Init         beep.o
    0x08000d18   0x00000004   Code   RO          241    i.BusFault_Handler  stm32f10x_it.o
    0x08000d1c   0x0000006c   Code   RO          387    i.CalulateCRC       rc522.o
    0x08000d88   0x0000001a   Code   RO          388    i.ClearBitMask      rc522.o
    0x08000da2   0x00000002   Code   RO          242    i.DebugMon_Handler  stm32f10x_it.o
    0x08000da4   0x000000f0   Code   RO          555    i.Del_FR            as608.o
    0x08000e94   0x00000284   Code   RO            3    i.ESP8266_Task      main.o
    0x08001118   0x00000270   Code   RO          556    i.EnsureMessage     as608.o
    0x08001388   0x00000116   Code   RO         1156    i.GPIO_Init         stm32f10x_gpio.o
    0x0800149e   0x00000012   Code   RO         1160    i.GPIO_ReadInputDataBit  stm32f10x_gpio.o
    0x080014b0   0x00000004   Code   RO         1163    i.GPIO_ResetBits    stm32f10x_gpio.o
    0x080014b4   0x00000004   Code   RO         1164    i.GPIO_SetBits      stm32f10x_gpio.o
    0x080014b8   0x00000004   Code   RO          243    i.HardFault_Handler  stm32f10x_it.o
    0x080014bc   0x00000028   Code   RO          819    i.IIC_Start         oled_iic.o
    0x080014e4   0x00000020   Code   RO          820    i.IIC_Stop          oled_iic.o
    0x08001504   0x00000018   Code   RO          821    i.IIC_Wait_Ack      oled_iic.o
    0x0800151c   0x00000088   Code   RO          557    i.JudgeStr          as608.o
    0x080015a4   0x00000084   Code   RO          368    i.KEY_Init          key.o
    0x08001628   0x000000c0   Code   RO          369    i.KEY_Scan          key.o
    0x080016e8   0x0000004c   Code   RO            4    i.LCD_Task          main.o
    0x08001734   0x00000054   Code   RO          356    i.LED_Init          led.o
    0x08001788   0x00000058   Code   RO            5    i.LED_Task          main.o
    0x080017e0   0x00000054   Code   RO          390    i.M500PcdConfigISOType  rc522.o
    0x08001834   0x0000001c   Code   RO          558    i.MYUSART_SendData  as608.o
    0x08001850   0x00000004   Code   RO          244    i.MemManage_Handler  stm32f10x_it.o
    0x08001854   0x00000002   Code   RO          245    i.NMI_Handler       stm32f10x_it.o
    0x08001856   0x00000002   PAD
    0x08001858   0x00000070   Code   RO         1114    i.NVIC_Init         misc.o
    0x080018c8   0x00000014   Code   RO         1115    i.NVIC_PriorityGroupConfig  misc.o
    0x080018dc   0x0000003e   Code   RO          822    i.OLED_Clear        oled_iic.o
    0x0800191a   0x00000002   PAD
    0x0800191c   0x00000078   Code   RO          823    i.OLED_DisShowChar  oled_iic.o
    0x08001994   0x00000076   Code   RO          826    i.OLED_DrawBMP      oled_iic.o
    0x08001a0a   0x00000002   PAD
    0x08001a0c   0x0000012c   Code   RO          827    i.OLED_Init         oled_iic.o
    0x08001b38   0x00000028   Code   RO          829    i.OLED_Set_Pos      oled_iic.o
    0x08001b60   0x00000068   Code   RO          830    i.OLED_ShowCHinese  oled_iic.o
    0x08001bc8   0x00000088   Code   RO          831    i.OLED_ShowNum      oled_iic.o
    0x08001c50   0x0000003a   Code   RO          832    i.OLED_ShowString   oled_iic.o
    0x08001c8a   0x00000018   Code   RO          833    i.OLED_WR_Byte      oled_iic.o
    0x08001ca2   0x0000006c   Code   RO          559    i.PS_DeletChar      as608.o
    0x08001d0e   0x0000003a   Code   RO          560    i.PS_Empty          as608.o
    0x08001d48   0x00000046   Code   RO          561    i.PS_GenChar        as608.o
    0x08001d8e   0x0000003a   Code   RO          562    i.PS_GetImage       as608.o
    0x08001dc8   0x00000080   Code   RO          563    i.PS_HandShake      as608.o
    0x08001e48   0x00000090   Code   RO          564    i.PS_HighSpeedSearch  as608.o
    0x08001ed8   0x0000003a   Code   RO          565    i.PS_Match          as608.o
    0x08001f12   0x00000002   PAD
    0x08001f14   0x000000f4   Code   RO          567    i.PS_ReadSysPara    as608.o
    0x08002008   0x0000003a   Code   RO          568    i.PS_RegModel       as608.o
    0x08002042   0x00000002   PAD
    0x08002044   0x0000002c   Code   RO          571    i.PS_StaGPIO_Init   as608.o
    0x08002070   0x00000060   Code   RO          572    i.PS_StoreChar      as608.o
    0x080020d0   0x00000084   Code   RO          573    i.PS_ValidTempleteNum  as608.o
    0x08002154   0x0000001a   Code   RO          392    i.PcdAntennaOn      rc522.o
    0x0800216e   0x00000070   Code   RO          393    i.PcdAnticoll       rc522.o
    0x080021de   0x00000132   Code   RO          395    i.PcdComMF522       rc522.o
    0x08002310   0x00000054   Code   RO          398    i.PcdRequest        rc522.o
    0x08002364   0x00000088   Code   RO          399    i.PcdReset          rc522.o
    0x080023ec   0x00000072   Code   RO          400    i.PcdSelect         rc522.o
    0x0800245e   0x00000002   PAD
    0x08002460   0x0000008c   Code   RO          402    i.RC522_Handel      rc522.o
    0x080024ec   0x00000030   Code   RO          403    i.RC522_Init        rc522.o
    0x0800251c   0x00000020   Code   RO         1470    i.RCC_APB1PeriphClockCmd  stm32f10x_rcc.o
    0x0800253c   0x00000020   Code   RO         1471    i.RCC_APB1PeriphResetCmd  stm32f10x_rcc.o
    0x0800255c   0x00000020   Code   RO         1472    i.RCC_APB2PeriphClockCmd  stm32f10x_rcc.o
    0x0800257c   0x00000020   Code   RO         1473    i.RCC_APB2PeriphResetCmd  stm32f10x_rcc.o
    0x0800259c   0x000000d4   Code   RO         1480    i.RCC_GetClocksFreq  stm32f10x_rcc.o
    0x08002670   0x000000f8   Code   RO            6    i.RFID_Task         main.o
    0x08002768   0x00000038   Code   RO          404    i.ReadRawRC         rc522.o
    0x080027a0   0x000000a0   Code   RO          405    i.SPI1_Init         rc522.o
    0x08002840   0x00000054   Code   RO          406    i.SPI_RC522_ReadByte  rc522.o
    0x08002894   0x0000005c   Code   RO          407    i.SPI_RC522_SendByte  rc522.o
    0x080028f0   0x00000034   Code   RO          576    i.SendAddr          as608.o
    0x08002924   0x00000012   Code   RO          577    i.SendCheck         as608.o
    0x08002936   0x0000000c   Code   RO          578    i.SendFlag          as608.o
    0x08002942   0x00000010   Code   RO          579    i.SendHead          as608.o
    0x08002952   0x00000014   Code   RO          580    i.SendLength        as608.o
    0x08002966   0x0000000c   Code   RO          581    i.Sendcmd           as608.o
    0x08002972   0x0000001a   Code   RO          408    i.SetBitMask        rc522.o
    0x0800298c   0x00000008   Code   RO          322    i.SetSysClock       system_stm32f10x.o
    0x08002994   0x000000e0   Code   RO          323    i.SetSysClockTo72   system_stm32f10x.o
    0x08002a74   0x000001b4   Code   RO            7    i.Start_Task        main.o
    0x08002c28   0x00000028   Code   RO         1118    i.SysTick_CLKSourceConfig  misc.o
    0x08002c50   0x00000010   Code   RO          980    i.SysTick_Handler   delay.o
    0x08002c60   0x00000060   Code   RO          325    i.SystemInit        system_stm32f10x.o
    0x08002cc0   0x00000034   Code   RO          748    i.TIM3_IRQHandler   timer.o
    0x08002cf4   0x0000005c   Code   RO          749    i.TIM3_Int_Init     timer.o
    0x08002d50   0x00000034   Code   RO          750    i.TIM4_IRQHandler   timer.o
    0x08002d84   0x00000006   Code   RO         1733    i.TIM_ClearITPendingBit  stm32f10x_tim.o
    0x08002d8a   0x00000018   Code   RO         1738    i.TIM_Cmd           stm32f10x_tim.o
    0x08002da2   0x00000022   Code   RO         1759    i.TIM_GetITStatus   stm32f10x_tim.o
    0x08002dc4   0x00000012   Code   RO         1763    i.TIM_ITConfig      stm32f10x_tim.o
    0x08002dd6   0x00000004   Code   RO         1803    i.TIM_SetCounter    stm32f10x_tim.o
    0x08002dda   0x00000002   PAD
    0x08002ddc   0x000000a4   Code   RO         1809    i.TIM_TimeBaseInit  stm32f10x_tim.o
    0x08002e80   0x00000038   Code   RO         1030    i.USART1_IRQHandler  usart.o
    0x08002eb8   0x00000054   Code   RO         2934    i.USART2_IRQHandler  usart2.o
    0x08002f0c   0x00000070   Code   RO          785    i.USART3_IRQHandler  usart3.o
    0x08002f7c   0x00000018   Code   RO         1268    i.USART_Cmd         stm32f10x_usart.o
    0x08002f94   0x0000009c   Code   RO         1270    i.USART_DeInit      stm32f10x_usart.o
    0x08003030   0x0000001a   Code   RO         1271    i.USART_GetFlagStatus  stm32f10x_usart.o
    0x0800304a   0x00000054   Code   RO         1272    i.USART_GetITStatus  stm32f10x_usart.o
    0x0800309e   0x0000004a   Code   RO         1274    i.USART_ITConfig    stm32f10x_usart.o
    0x080030e8   0x000000d8   Code   RO         1275    i.USART_Init        stm32f10x_usart.o
    0x080031c0   0x0000000a   Code   RO         1282    i.USART_ReceiveData  stm32f10x_usart.o
    0x080031ca   0x00000008   Code   RO         1285    i.USART_SendData    stm32f10x_usart.o
    0x080031d2   0x00000004   Code   RO          246    i.UsageFault_Handler  stm32f10x_it.o
    0x080031d6   0x00000002   PAD
    0x080031d8   0x00000034   Code   RO          410    i.WriteRawRC        rc522.o
    0x0800320c   0x00000054   Code   RO          834    i.Write_IIC_Byte    oled_iic.o
    0x08003260   0x0000002c   Code   RO          835    i.Write_IIC_Command  oled_iic.o
    0x0800328c   0x0000002c   Code   RO          836    i.Write_IIC_Data    oled_iic.o
    0x080032b8   0x00000020   Code   RO         3239    i.__0printf         mc_w.l(printfa.o)
    0x080032d8   0x00000024   Code   RO         3245    i.__0vsprintf       mc_w.l(printfa.o)
    0x080032fc   0x0000000e   Code   RO         3308    i.__scatterload_copy  mc_w.l(handlers.o)
    0x0800330a   0x00000002   Code   RO         3309    i.__scatterload_null  mc_w.l(handlers.o)
    0x0800330c   0x0000000e   Code   RO         3310    i.__scatterload_zeroinit  mc_w.l(handlers.o)
    0x0800331a   0x00000002   PAD
    0x0800331c   0x00000164   Code   RO         3246    i._fp_digits        mc_w.l(printfa.o)
    0x08003480   0x000006dc   Code   RO         3247    i._printf_core      mc_w.l(printfa.o)
    0x08003b5c   0x00000024   Code   RO         3248    i._printf_post_padding  mc_w.l(printfa.o)
    0x08003b80   0x0000002e   Code   RO         3249    i._printf_pre_padding  mc_w.l(printfa.o)
    0x08003bae   0x0000000a   Code   RO         3251    i._sputc            mc_w.l(printfa.o)
    0x08003bb8   0x00000044   Code   RO          981    i.delay_init        delay.o
    0x08003bfc   0x00000040   Code   RO          982    i.delay_ms          delay.o
    0x08003c3c   0x00000048   Code   RO          983    i.delay_us          delay.o
    0x08003c84   0x00000034   Code   RO         2969    i.esp8266_check_cmd  esp8266.o
    0x08003cb8   0x00000074   Code   RO         2970    i.esp8266_send_cmd  esp8266.o
    0x08003d2c   0x000000dc   Code   RO         2971    i.esp8266_start_trans  esp8266.o
    0x08003e08   0x0000001c   Code   RO         1035    i.fputc             usart.o
    0x08003e24   0x00000046   Code   RO            8    i.hardware_init     main.o
    0x08003e6a   0x00000002   PAD
    0x08003e6c   0x0000004c   Code   RO          838    i.jiesuo            oled_iic.o
    0x08003eb8   0x00000040   Code   RO            9    i.main              main.o
    0x08003ef8   0x00000016   Code   RO          839    i.oled_pow          oled_iic.o
    0x08003f0e   0x00000002   PAD
    0x08003f10   0x00000068   Code   RO          582    i.press_FR          as608.o
    0x08003f78   0x00000098   Code   RO         2529    i.prvAddCurrentTaskToDelayedList  tasks.o
    0x08004010   0x000000b4   Code   RO         2530    i.prvAddNewTaskToReadyList  tasks.o
    0x080040c4   0x00000064   Code   RO         2531    i.prvCheckTasksWaitingTermination  tasks.o
    0x08004128   0x00000012   Code   RO         2532    i.prvDeleteTCB      tasks.o
    0x0800413a   0x00000002   PAD
    0x0800413c   0x0000007c   Code   RO         2814    i.prvHeapInit       heap_4.o
    0x080041b8   0x00000028   Code   RO         2533    i.prvIdleTask       tasks.o
    0x080041e0   0x00000080   Code   RO         2534    i.prvInitialiseNewTask  tasks.o
    0x08004260   0x00000068   Code   RO         2535    i.prvInitialiseTaskLists  tasks.o
    0x080042c8   0x00000068   Code   RO         2815    i.prvInsertBlockIntoFreeList  heap_4.o
    0x08004330   0x00000034   Code   RO         2536    i.prvResetNextTaskUnblockTime  tasks.o
    0x08004364   0x00000016   Code   RO         2864    i.prvTaskExitError  port.o
    0x0800437a   0x00000002   PAD
    0x0800437c   0x00000040   Code   RO         2537    i.prvTaskIsTaskSuspended  tasks.o
    0x080043bc   0x0000001e   Code   RO         2279    i.prvTestWaitCondition  event_groups.o
    0x080043da   0x00000002   PAD
    0x080043dc   0x000000d0   Code   RO         2816    i.pvPortMalloc      heap_4.o
    0x080044ac   0x00000024   Code   RO         2865    i.pxPortInitialiseStack  port.o
    0x080044d0   0x00000050   Code   RO         2935    i.u2_printf         usart2.o
    0x08004520   0x000000b4   Code   RO         1036    i.usart1_init       usart.o
    0x080045d4   0x000000b4   Code   RO         2936    i.usart2_init       usart2.o
    0x08004688   0x000000d0   Code   RO          786    i.usart3_init       usart3.o
    0x08004758   0x00000028   Code   RO         2369    i.uxListRemove      list.o
    0x08004780   0x0000001c   Code   RO         2542    i.uxTaskResetEventItemValue  tasks.o
    0x0800479c   0x0000001a   Code   RO         2370    i.vListInitialise   list.o
    0x080047b6   0x00000006   Code   RO         2371    i.vListInitialiseItem  list.o
    0x080047bc   0x00000034   Code   RO         2372    i.vListInsert       list.o
    0x080047f0   0x00000018   Code   RO         2373    i.vListInsertEnd    list.o
    0x08004808   0x00000024   Code   RO         2867    i.vPortEnterCritical  port.o
    0x0800482c   0x00000020   Code   RO         2868    i.vPortExitCritical  port.o
    0x0800484c   0x00000048   Code   RO         2817    i.vPortFree         heap_4.o
    0x08004894   0x00000014   Code   RO         2869    i.vPortSetupTimerInterrupt  port.o
    0x080048a8   0x00000034   Code   RO         2543    i.vTaskDelay        tasks.o
    0x080048dc   0x000000cc   Code   RO         2545    i.vTaskDelete       tasks.o
    0x080049a8   0x0000002c   Code   RO         2550    i.vTaskPlaceOnUnorderedEventList  tasks.o
    0x080049d4   0x00000078   Code   RO         2552    i.vTaskResume       tasks.o
    0x08004a4c   0x00000064   Code   RO         2554    i.vTaskStartScheduler  tasks.o
    0x08004ab0   0x000000bc   Code   RO         2555    i.vTaskSuspend      tasks.o
    0x08004b6c   0x00000010   Code   RO         2556    i.vTaskSuspendAll   tasks.o
    0x08004b7c   0x00000060   Code   RO         2557    i.vTaskSwitchContext  tasks.o
    0x08004bdc   0x0000001a   Code   RO         2284    i.xEventGroupCreate  event_groups.o
    0x08004bf6   0x00000092   Code   RO         2286    i.xEventGroupSetBits  event_groups.o
    0x08004c88   0x000000c8   Code   RO         2288    i.xEventGroupWaitBits  event_groups.o
    0x08004d50   0x00000034   Code   RO         2870    i.xPortStartScheduler  port.o
    0x08004d84   0x00000034   Code   RO         2871    i.xPortSysTickHandler  port.o
    0x08004db8   0x00000060   Code   RO         2559    i.xTaskCreate       tasks.o
    0x08004e18   0x00000020   Code   RO         2562    i.xTaskGetSchedulerState  tasks.o
    0x08004e38   0x0000011c   Code   RO         2565    i.xTaskIncrementTick  tasks.o
    0x08004f54   0x00000070   Code   RO         2569    i.xTaskRemoveFromUnorderedEventList  tasks.o
    0x08004fc4   0x000000e8   Code   RO         2570    i.xTaskResumeAll    tasks.o
    0x080050ac   0x0000004c   Code   RO          840    i.zhujiemian        oled_iic.o
    0x080050f8   0x000005f0   Data   RO          841    .constdata          oled_iic.o
    0x080056e8   0x00000020   Data   RO         3306    Region$$Table       anon$$obj.o


    Execution Region ER_RW (Base: 0x20000000, Size: 0x00000394, Max: 0xffffffff, ABSOLUTE, COMPRESSED[0x00000100])

    Base Addr    Size         Type   Attr      Idx    E Section Name        Object

    0x20000000   0x00000030   Data   RW           10    .data               main.o
    0x20000030   0x00000001   Data   RW          370    .data               key.o
    0x20000031   0x0000000d   Data   RW          412    .data               rc522.o
    0x2000003e   0x00000002   PAD
    0x20000040   0x00000008   Data   RW          584    .data               as608.o
    0x20000048   0x00000002   Data   RW          788    .data               usart3.o
    0x2000004a   0x000002d0   Data   RW          842    .data               oled_iic.o
    0x2000031a   0x00000004   Data   RW          985    .data               delay.o
    0x2000031e   0x00000002   PAD
    0x20000320   0x00000004   Data   RW         1038    .data               usart.o
    0x20000324   0x00000014   Data   RW         1500    .data               stm32f10x_rcc.o
    0x20000338   0x0000003c   Data   RW         2573    .data               tasks.o
    0x20000374   0x00000018   Data   RW         2822    .data               heap_4.o
    0x2000038c   0x00000004   Data   RW         2872    .data               port.o
    0x20000390   0x00000002   Data   RW         2938    .data               usart2.o


    Execution Region ER_ZI (Base: 0x20000394, Size: 0x00004c6c, Max: 0xffffffff, ABSOLUTE)

    Base Addr    Size         Type   Attr      Idx    E Section Name        Object

    0x20000394   0x0000000c   Zero   RW          583    .bss                as608.o
    0x200003a0   0x00000190   Zero   RW          787    .bss                usart3.o
    0x20000530   0x00000108   Zero   RW         1037    .bss                usart.o
    0x20000638   0x000000c8   Zero   RW         2572    .bss                tasks.o
    0x20000700   0x00004400   Zero   RW         2821    .bss                heap_4.o
    0x20004b00   0x00000100   Zero   RW         2937    .bss                usart2.o
    0x20004c00   0x00000400   Zero   RW         1107    STACK               startup_stm32f10x_hd.o


==============================================================================

Image component sizes


      Code (inc. data)   RO Data    RW Data    ZI Data      Debug   Object Name

      3280        974          0          8         12      15277   as608.o
        52          6          0          0          0        464   beep.o
       220         18          0          4          0       2213   delay.o
       388        154          0          0          0       2117   esp8266.o
       402          6          0          0          0       9827   event_groups.o
       508         62          0         24      17408       3579   heap_4.o
       324         22          0          1          0       1182   key.o
        84          8          0          0          0        475   led.o
       148          0          0          0          0       2906   list.o
      2078        746          0         48          0     267357   main.o
       172         22          0          0          0       1949   misc.o
      1404         44       1520        720          0      12880   oled_iic.o
       400         50          0          4          0       8676   port.o
      1654         62          0         13          0      10918   rc522.o
        36          8        304          0       1024        764   startup_stm32f10x_hd.o
       304          0          0          0          0       3500   stm32f10x_gpio.o
        20          0          0          0          0       2317   stm32f10x_it.o
       340         44          0         20          0       5396   stm32f10x_rcc.o
       250         42          0          0          0       3883   stm32f10x_tim.o
       598         28          0          0          0       6464   stm32f10x_usart.o
         0          0          0          0          0         32   sys.o
       328         28          0          0          0       1697   system_stm32f10x.o
      2442        388          0         60        200      25266   tasks.o
       196         24          0          0          0       1512   timer.o
       264         24          0          4        264       4538   usart.o
       344         32          0          2        256       2490   usart2.o
       320         34          0          2        400       1998   usart3.o

    ----------------------------------------------------------------------
     16584       2826       1856        916      19564     399677   Object Totals
         0          0         32          0          0          0   (incl. Generated)
        28          0          0          6          0          0   (incl. Padding)

    ----------------------------------------------------------------------

      Code (inc. data)   RO Data    RW Data    ZI Data      Debug   Library Member Name

        86          0          0          0          0          0   __dczerorl2.o
         0          0          0          0          0          0   entry.o
         0          0          0          0          0          0   entry10a.o
         0          0          0          0          0          0   entry11a.o
         8          4          0          0          0          0   entry2.o
         4          0          0          0          0          0   entry5.o
         0          0          0          0          0          0   entry7b.o
         0          0          0          0          0          0   entry8b.o
         8          4          0          0          0          0   entry9a.o
        30          0          0          0          0          0   handlers.o
        36          8          0          0          0         68   init.o
         0          0          0          0          0          0   iusefp.o
        30          0          0          0          0         68   llshl.o
        36          0          0          0          0         68   llsshr.o
        32          0          0          0          0         68   llushr.o
        36          0          0          0          0        108   memseta.o
      2272         96          0          0          0        592   printfa.o
        14          0          0          0          0         68   strlen.o
        36          0          0          0          0         80   strstr.o
        44          0          0          0          0         80   uidiv.o
        98          0          0          0          0         92   uldiv.o
        48          0          0          0          0         68   cdrcmple.o
       334          0          0          0          0        148   dadd.o
       222          0          0          0          0        100   ddiv.o
       186          0          0          0          0        176   depilogue.o
        48          0          0          0          0         68   dfixul.o
       228          0          0          0          0         96   dmul.o

    ----------------------------------------------------------------------
      3840        112          0          0          0       1948   Library Totals
         4          0          0          0          0          0   (incl. Padding)

    ----------------------------------------------------------------------

      Code (inc. data)   RO Data    RW Data    ZI Data      Debug   Library Name

      2770        112          0          0          0       1292   mc_w.l
      1066          0          0          0          0        656   mf_w.l

    ----------------------------------------------------------------------
      3840        112          0          0          0       1948   Library Totals

    ----------------------------------------------------------------------

==============================================================================


      Code (inc. data)   RO Data    RW Data    ZI Data      Debug   

     20424       2938       1856        916      19564     392185   Grand Totals
     20424       2938       1856        256      19564     392185   ELF Image Totals (compressed)
     20424       2938       1856        256          0          0   ROM Totals

==============================================================================

    Total RO  Size (Code + RO Data)                22280 (  21.76kB)
    Total RW  Size (RW Data + ZI Data)             20480 (  20.00kB)
    Total ROM Size (Code + RO Data + RW Data)      22536 (  22.01kB)

==============================================================================

